Component: ARM Compiler 5.06 update 7 (build 960) Tool: armlink [4d3601]

==============================================================================

Section Cross References

    startup_lpc17xx.o(STACK) refers (Special) to heapauxi.o(.text) for __use_two_region_memory
    startup_lpc17xx.o(HEAP) refers (Special) to heapauxi.o(.text) for __use_two_region_memory
    startup_lpc17xx.o(RESET) refers (Special) to heapauxi.o(.text) for __use_two_region_memory
    startup_lpc17xx.o(RESET) refers to startup_lpc17xx.o(STACK) for __initial_sp
    startup_lpc17xx.o(RESET) refers to startup_lpc17xx.o(.text) for Reset_Handler
    startup_lpc17xx.o(RESET) refers to irq_timer.o(.text) for TIMER0_IRQHandler
    startup_lpc17xx.o(RESET) refers to irq_button.o(.text) for EINT0_IRQHandler
    startup_lpc17xx.o(RESET) refers to irq_can.o(.text) for CAN_IRQHandler
    startup_lpc17xx.o(RESET) refers to irq_rit.o(.text) for RIT_IRQHandler
    startup_lpc17xx.o(.ARM.__at_0x02FC) refers (Special) to heapauxi.o(.text) for __use_two_region_memory
    startup_lpc17xx.o(.text) refers (Special) to heapauxi.o(.text) for __use_two_region_memory
    startup_lpc17xx.o(.text) refers to __main.o(!!!main) for __main
    startup_lpc17xx.o(.text) refers to startup_lpc17xx.o(HEAP) for Heap_Mem
    startup_lpc17xx.o(.text) refers to startup_lpc17xx.o(STACK) for Stack_Mem
    sample.o(.text) refers to glcd.o(.text) for LCD_Clear
    sample.o(.text) refers to lib_timer.o(.text) for disable_timer
    sample.o(.text) refers to board.o(.text) for resetBoard
    sample.o(.text) refers to can_quoridor_lib.o(.text) for createMoveUint
    sample.o(.text) refers to sample.o(.data) for selectedBoardType
    sample.o(.text) refers to sample.o(.bss) for mainBoard
    sample.o(.text) refers to rand.o(.text) for srand
    sample.o(.text) refers to irq_rit.o(.data) for new_x_pos
    sample.o(.text) refers to system_lpc17xx.o(.text) for SystemInit
    sample.o(.text) refers to lib_can.o(.text) for CAN_Init
    sample.o(.text) refers to lib_button.o(.text) for BUTTON_init
    sample.o(.text) refers to lib_joystick.o(.text) for joystick_init
    sample.o(.text) refers to lib_rit.o(.text) for init_RIT
    board.o(.text) refers to daddsub_clz.o(x$fpl$dadd) for __aeabi_dadd
    board.o(.text) refers to irq_rit.o(.data) for new_x_pos
    board.o(.text) refers to rt_memcpy_v6.o(.text) for __aeabi_memcpy
    board.o(.text) refers to board.o(.data) for valid_wall
    board.o(.text) refers to board.o(.bss) for visited
    board.o(.text) refers to rt_memcpy_w.o(.text) for __aeabi_memcpy4
    board.o(.text) refers to rt_memclr_w.o(.text) for __aeabi_memclr4
    board.o(.text) refers to rand.o(.emb_text) for rand
    board.o(.text) refers to sample.o(.data) for P1Walls
    system_lpc17xx.o(.text) refers to system_lpc17xx.o(.data) for SystemFrequency
    irq_timer.o(.text) refers to glcd.o(.text) for LCD_SetTimer
    irq_timer.o(.text) refers to sample.o(.data) for timer
    asciilib.o(.text) refers to rt_memcpy_v6.o(.text) for __aeabi_memcpy
    asciilib.o(.text) refers to asciilib.o(.constdata) for AsciiLib
    glcd.o(.text) refers to _printf_percent.o(.ARM.Collect$$_printf_percent$$00000000) for _printf_percent
    glcd.o(.text) refers to _printf_d.o(.ARM.Collect$$_printf_percent$$00000009) for _printf_d
    glcd.o(.text) refers to _printf_dec.o(.text) for _printf_int_dec
    glcd.o(.text) refers to glcd.o(.data) for LCD_Code
    glcd.o(.text) refers to dflt_clz.o(x$fpl$dflt) for __aeabi_i2d
    glcd.o(.text) refers to daddsub_clz.o(x$fpl$drsb) for __aeabi_drsub
    glcd.o(.text) refers to dfixu.o(x$fpl$dfixu) for __aeabi_d2uiz
    glcd.o(.text) refers to daddsub_clz.o(x$fpl$dadd) for __aeabi_dadd
    glcd.o(.text) refers to asciilib.o(.text) for GetASCIICode
    glcd.o(.text) refers to daddsub_clz.o(x$fpl$dsub) for __aeabi_dsub
    glcd.o(.text) refers to board.o(.text) for CheckValidWall
    glcd.o(.text) refers to board.o(.data) for valid_wall
    glcd.o(.text) refers to noretval__2sprintf.o(.text) for __2sprintf
    glcd.o(.text) refers to sample.o(.data) for P1Walls
    hzlib.o(.text) refers to rt_memcpy_v6.o(.text) for __aeabi_memcpy
    hzlib.o(.text) refers to hzlib.o(.constdata) for HzLib
    funct_joystick.o(.text) refers to funct_led.o(.text) for LED_Out
    irq_rit.o(.text) refers to glcd.o(.text) for LCD_MultiplayerWarning
    irq_rit.o(.text) refers to board.o(.text) for ConfirmMovePlayer
    irq_rit.o(.text) refers to lib_timer.o(.text) for disable_timer
    irq_rit.o(.text) refers to irq_rit.o(.data) for J_select
    irq_rit.o(.text) refers to sample.o(.data) for mode
    irq_rit.o(.text) refers to sample.o(.bss) for mainBoard
    irq_button.o(.text) refers to can_quoridor_lib.o(.text) for SendPing
    irq_button.o(.text) refers to glcd.o(.text) for LCD_ClearMovingWalls
    irq_button.o(.text) refers to board.o(.text) for UnsetMovingWalls
    irq_button.o(.text) refers to irq_rit.o(.data) for down_int0
[...]
    rand.o(.emb_text) refers (Special) to libinit2.o(.ARM.Collect$$libinit$$0000000D) for __rt_lib_init_rand_2
    rand.o(.emb_text) refers to rand.o(.text) for _rand_init
    rand.o(.emb_text) refers to rand.o(.bss) for _random_number_data
    rand.o(.text) refers (Special) to libinit2.o(.ARM.Collect$$libinit$$0000000D) for __rt_lib_init_rand_2
    rand.o(.text) refers to rand.o(.bss) for .bss
    rand.o(.bss) refers (Special) to libinit2.o(.ARM.Collect$$libinit$$0000000D) for __rt_lib_init_rand_2
    rt_memcpy_v6.o(.text) refers to rt_memcpy_w.o(.text) for __aeabi_memcpy4
    __main.o(!!!main) refers to __rtentry.o(.ARM.Collect$$rtentry$$00000000) for __rt_entry
    daddsub_clz.o(x$fpl$dadd) refers (Special) to usenofp.o(x$fpl$usenofp) for __I$use$fp
    daddsub_clz.o(x$fpl$dadd) refers to daddsub_clz.o(x$fpl$dsub) for _dsub1
    daddsub_clz.o(x$fpl$dadd) refers to dretinf.o(x$fpl$dretinf) for __fpl_dretinf
    daddsub_clz.o(x$fpl$dadd) refers to dnaninf.o(x$fpl$dnaninf) for __fpl_dnaninf
    daddsub_clz.o(x$fpl$drsb) refers (Special) to usenofp.o(x$fpl$usenofp) for __I$use$fp
    daddsub_clz.o(x$fpl$drsb) refers to daddsub_clz.o(x$fpl$dadd) for _dadd1
    daddsub_clz.o(x$fpl$drsb) refers to daddsub_clz.o(x$fpl$dsub) for _dsub1
    daddsub_clz.o(x$fpl$dsub) refers (Special) to usenofp.o(x$fpl$usenofp) for __I$use$fp
    daddsub_clz.o(x$fpl$dsub) refers to daddsub_clz.o(x$fpl$dadd) for _dadd1
    daddsub_clz.o(x$fpl$dsub) refers to dnaninf.o(x$fpl$dnaninf) for __fpl_dnaninf
    dfixu.o(x$fpl$dfixu) refers (Special) to usenofp.o(x$fpl$usenofp) for __I$use$fp
    dfixu.o(x$fpl$dfixu) refers to dnaninf.o(x$fpl$dnaninf) for __fpl_dnaninf
    dfixu.o(x$fpl$dfixur) refers (Special) to usenofp.o(x$fpl$usenofp) for __I$use$fp
    dfixu.o(x$fpl$dfixur) refers to dnaninf.o(x$fpl$dnaninf) for __fpl_dnaninf
    dflt_clz.o(x$fpl$dfltu) refers (Special) to usenofp.o(x$fpl$usenofp) for __I$use$fp
    dflt_clz.o(x$fpl$dflt) refers (Special) to usenofp.o(x$fpl$usenofp) for __I$use$fp
    dflt_clz.o(x$fpl$dfltn) refers (Special) to usenofp.o(x$fpl$usenofp) for __I$use$fp
    __rtentry.o(.ARM.Collect$$rtentry$$00000000) refers (Special) to __rtentry2.o(.ARM.Collect$$rtentry$$0000000A) for __rt_entry_li
    __rtentry.o(.ARM.Collect$$rtentry$$00000000) refers (Special) to __rtentry2.o(.ARM.Collect$$rtentry$$0000000D) for __rt_entry_main
    __rtentry.o(.ARM.Collect$$rtentry$$00000000) refers (Special) to __rtentry2.o(.ARM.Collect$$rtentry$$0000000C) for __rt_entry_postli_1
    __rtentry.o(.ARM.Collect$$rtentry$$00000000) refers (Special) to __rtentry2.o(.ARM.Collect$$rtentry$$00000009) for __rt_entry_postsh_1
    __rtentry.o(.ARM.Collect$$rtentry$$00000000) refers (Special) to __rtentry2.o(.ARM.Collect$$rtentry$$00000002) for __rt_entry_presh_1
    __rtentry.o(.ARM.Collect$$rtentry$$00000000) refers (Special) to __rtentry4.o(.ARM.Collect$$rtentry$$00000004) for __rt_entry_sh
    _printf_char_common.o(.text) refers to __printf.o(.text) for __printf
    libinit2.o(.ARM.Collect$$libinit$$0000000D) refers (Weak) to rand.o(.text) for _rand_init
    libinit2.o(.ARM.Collect$$libinit$$00000010) refers to libinit2.o(.ARM.Collect$$libinit$$0000000F) for .ARM.Collect$$libinit$$0000000F
    libinit2.o(.ARM.Collect$$libinit$$00000012) refers to libinit2.o(.ARM.Collect$$libinit$$0000000F) for .ARM.Collect$$libinit$$0000000F
    libinit2.o(.ARM.Collect$$libinit$$00000014) refers to libinit2.o(.ARM.Collect$$libinit$$0000000F) for .ARM.Collect$$libinit$$0000000F
    libinit2.o(.ARM.Collect$$libinit$$00000016) refers to libinit2.o(.ARM.Collect$$libinit$$0000000F) for .ARM.Collect$$libinit$$0000000F
    libinit2.o(.ARM.Collect$$libinit$$00000018) refers to libinit2.o(.ARM.Collect$$libinit$$0000000F) for .ARM.Collect$$libinit$$0000000F
    libinit2.o(.ARM.Collect$$libinit$$00000026) refers to argv_veneer.o(.emb_text) for __ARM_argv_veneer
    libinit2.o(.ARM.Collect$$libinit$$00000027) refers to argv_veneer.o(.emb_text) for __ARM_argv_veneer
    dnaninf.o(x$fpl$dnaninf) refers (Special) to usenofp.o(x$fpl$usenofp) for __I$use$fp
    dretinf.o(x$fpl$dretinf) refers (Special) to usenofp.o(x$fpl$usenofp) for __I$use$fp
    __rtentry2.o(.ARM.Collect$$rtentry$$00000008) refers to boardinit2.o(.text) for _platform_post_stackheap_init
    __rtentry2.o(.ARM.Collect$$rtentry$$0000000A) refers to libinit.o(.ARM.Collect$$libinit$$00000000) for __rt_lib_init
    __rtentry2.o(.ARM.Collect$$rtentry$$0000000B) refers to boardinit3.o(.text) for _platform_post_lib_init
    __rtentry2.o(.ARM.Collect$$rtentry$$0000000D) refers to sample.o(.text) for main
    __rtentry2.o(.ARM.Collect$$rtentry$$0000000D) refers to exit.o(.text) for exit
    __rtentry2.o(.ARM.exidx) refers to __rtentry2.o(.ARM.Collect$$rtentry$$00000001) for .ARM.Collect$$rtentry$$00000001
    __rtentry2.o(.ARM.exidx) refers to __rtentry2.o(.ARM.Collect$$rtentry$$00000008) for .ARM.Collect$$rtentry$$00000008
    __rtentry2.o(.ARM.exidx) refers to __rtentry2.o(.ARM.Collect$$rtentry$$0000000A) for .ARM.Collect$$rtentry$$0000000A
    __rtentry2.o(.ARM.exidx) refers to __rtentry2.o(.ARM.Collect$$rtentry$$0000000B) for .ARM.Collect$$rtentry$$0000000B
    __rtentry2.o(.ARM.exidx) refers to __rtentry2.o(.ARM.Collect$$rtentry$$0000000D) for .ARM.Collect$$rtentry$$0000000D
    __rtentry4.o(.ARM.Collect$$rtentry$$00000004) refers to sys_stackheap_outer.o(.text) for __user_setup_stackheap
    __rtentry4.o(.ARM.exidx) refers to __rtentry4.o(.ARM.Collect$$rtentry$$00000004) for .ARM.Collect$$rtentry$$00000004
    argv_veneer.o(.emb_text) refers to no_argv.o(.text) for __ARM_get_argv
    sys_stackheap_outer.o(.text) refers to libspace.o(.text) for __user_perproc_libspace
    sys_stackheap_outer.o(.text) refers to startup_lpc17xx.o(.text) for __user_initial_stackheap
    exit.o(.text) refers to rtexit.o(.ARM.Collect$$rtexit$$00000000) for __rt_exit
    _get_argv_nomalloc.o(.text) refers (Special) to hrguard.o(.text) for __heap_region$guard
    _get_argv_nomalloc.o(.text) refers to defsig_rtmem_outer.o(.text) for __rt_SIGRTMEM
    _get_argv_nomalloc.o(.text) refers to sys_command.o(.text) for _sys_command_string
    libinit.o(.ARM.Collect$$libinit$$00000000) refers (Special) to libinit2.o(.ARM.Collect$$libinit$$0000002E) for __rt_lib_init_alloca_1
    libinit.o(.ARM.Collect$$libinit$$00000000) refers (Special) to libinit2.o(.ARM.Collect$$libinit$$0000002C) for __rt_lib_init_argv_1
    libinit.o(.ARM.Collect$$libinit$$00000000) refers (Special) to libinit2.o(.ARM.Collect$$libinit$$0000001B) for __rt_lib_init_atexit_1
    libinit.o(.ARM.Collect$$libinit$$00000000) refers (Special) to libinit2.o(.ARM.Collect$$libinit$$00000021) for __rt_lib_init_clock_1
    libinit.o(.ARM.Collect$$libinit$$00000000) refers (Special) to libinit2.o(.ARM.Collect$$libinit$$00000032) for __rt_lib_init_cpp_1
    libinit.o(.ARM.Collect$$libinit$$00000000) refers (Special) to libinit2.o(.ARM.Collect$$libinit$$00000030) for __rt_lib_init_exceptions_1
    libinit.o(.ARM.Collect$$libinit$$00000000) refers (Special) to libinit2.o(.ARM.Collect$$libinit$$00000002) for __rt_lib_init_fp_1
    libinit.o(.ARM.Collect$$libinit$$00000000) refers (Special) to libinit2.o(.ARM.Collect$$libinit$$0000001F) for __rt_lib_init_fp_trap_1
    libinit.o(.ARM.Collect$$libinit$$00000000) refers (Special) to libinit2.o(.ARM.Collect$$libinit$$00000023) for __rt_lib_init_getenv_1
    libinit.o(.ARM.Collect$$libinit$$00000000) refers (Special) to libinit2.o(.ARM.Collect$$libinit$$0000000A) for __rt_lib_init_heap_1
    libinit.o(.ARM.Collect$$libinit$$00000000) refers (Special) to libinit2.o(.ARM.Collect$$libinit$$00000011) for __rt_lib_init_lc_collate_1
    libinit.o(.ARM.Collect$$libinit$$00000000) refers (Special) to libinit2.o(.ARM.Collect$$libinit$$00000013) for __rt_lib_init_lc_ctype_1
    libinit.o(.ARM.Collect$$libinit$$00000000) refers (Special) to libinit2.o(.ARM.Collect$$libinit$$00000015) for __rt_lib_init_lc_monetary_1
    libinit.o(.ARM.Collect$$libinit$$00000000) refers (Special) to libinit2.o(.ARM.Collect$$libinit$$00000017) for __rt_lib_init_lc_numeric_1
    libinit.o(.ARM.Collect$$libinit$$00000000) refers (Special) to libinit2.o(.ARM.Collect$$libinit$$00000019) for __rt_lib_init_lc_time_1
    libinit.o(.ARM.Collect$$libinit$$00000000) refers (Special) to libinit2.o(.ARM.Collect$$libinit$$00000004) for __rt_lib_init_preinit_1
    libinit.o(.ARM.Collect$$libinit$$00000000) refers (Special) to libinit2.o(.ARM.Collect$$libinit$$0000000E) for __rt_lib_init_rand_1
    libinit.o(.ARM.Collect$$libinit$$00000000) refers (Special) to libinit2.o(.ARM.Collect$$libinit$$00000033) for __rt_lib_init_return
    libinit.o(.ARM.Collect$$libinit$$00000000) refers (Special) to libinit2.o(.ARM.Collect$$libinit$$0000001D) for __rt_lib_init_signal_1
    libinit.o(.ARM.Collect$$libinit$$00000000) refers (Special) to libinit2.o(.ARM.Collect$$libinit$$00000025) for __rt_lib_init_stdio_1
    libinit.o(.ARM.Collect$$libinit$$00000000) refers (Special) to libinit2.o(.ARM.Collect$$libinit$$0000000C) for __rt_lib_init_user_alloc_1
    sys_command.o(.text) refers (Special) to use_no_semi.o(.text) for __I$use$semihosting
    sys_command.o(.text) refers (Special) to indicate_semi.o(.text) for __semihosting_library_function
    libspace.o(.text) refers to libspace.o(.bss) for __libspace_start
    rtexit.o(.ARM.Collect$$rtexit$$00000000) refers (Special) to rtexit2.o(.ARM.Collect$$rtexit$$00000004) for __rt_exit_exit
    rtexit.o(.ARM.Collect$$rtexit$$00000000) refers (Special) to rtexit2.o(.ARM.Collect$$rtexit$$00000003) for __rt_exit_ls
    rtexit.o(.ARM.Collect$$rtexit$$00000000) refers (Special) to rtexit2.o(.ARM.Collect$$rtexit$$00000002) for __rt_exit_prels_1
    rtexit.o(.ARM.exidx) refers (Special) to rtexit2.o(.ARM.Collect$$rtexit$$00000004) for __rt_exit_exit
    rtexit.o(.ARM.exidx) refers (Special) to rtexit2.o(.ARM.Collect$$rtexit$$00000003) for __rt_exit_ls
    rtexit.o(.ARM.exidx) refers (Special) to rtexit2.o(.ARM.Collect$$rtexit$$00000002) for __rt_exit_prels_1
    rtexit.o(.ARM.exidx) refers to rtexit.o(.ARM.Collect$$rtexit$$00000000) for .ARM.Collect$$rtexit$$00000000
    defsig_rtmem_outer.o(.text) refers to defsig_rtmem_inner.o(.text) for __rt_SIGRTMEM_inner
    defsig_rtmem_outer.o(.text) refers to defsig_exit.o(.text) for __sig_exit
    defsig_rtmem_formal.o(.text) refers to rt_raise.o(.text) for __rt_raise
    rtexit2.o(.ARM.Collect$$rtexit$$00000003) refers to libshutdown.o(.ARM.Collect$$libshutdown$$00000000) for __rt_lib_shutdown
    rtexit2.o(.ARM.Collect$$rtexit$$00000004) refers to sys_exit.o(.text) for _sys_exit
    rtexit2.o(.ARM.exidx) refers to rtexit2.o(.ARM.Collect$$rtexit$$00000001) for .ARM.Collect$$rtexit$$00000001
    rtexit2.o(.ARM.exidx) refers to rtexit2.o(.ARM.Collect$$rtexit$$00000003) for .ARM.Collect$$rtexit$$00000003
    rtexit2.o(.ARM.exidx) refers to rtexit2.o(.ARM.Collect$$rtexit$$00000004) for .ARM.Collect$$rtexit$$00000004
    rt_raise.o(.text) refers to __raise.o(.text) for __raise
    rt_raise.o(.text) refers to sys_exit.o(.text) for _sys_exit
    defsig_exit.o(.text) refers to sys_exit.o(.text) for _sys_exit
    defsig_rtmem_inner.o(.text) refers to defsig_general.o(.text) for __default_signal_display
    sys_exit.o(.text) refers (Special) to use_no_semi.o(.text) for __I$use$semihosting
    sys_exit.o(.text) refers (Special) to indicate_semi.o(.text) for __semihosting_library_function
    __raise.o(.text) refers to defsig.o(CL$$defsig) for __default_signal_handler
    defsig_general.o(.text) refers to sys_wrch.o(.text) for _ttywrch
    libshutdown.o(.ARM.Collect$$libshutdown$$00000000) refers (Special) to libshutdown2.o(.ARM.Collect$$libshutdown$$00000004) for __rt_lib_shutdown_cpp_1
    libshutdown.o(.ARM.Collect$$libshutdown$$00000000) refers (Special) to libshutdown2.o(.ARM.Collect$$libshutdown$$00000002) for __rt_lib_shutdown_fini_1
    libshutdown.o(.ARM.Collect$$libshutdown$$00000000) refers (Special) to libshutdown2.o(.ARM.Collect$$libshutdown$$00000009) for __rt_lib_shutdown_fp_trap_1
    libshutdown.o(.ARM.Collect$$libshutdown$$00000000) refers (Special) to libshutdown2.o(.ARM.Collect$$libshutdown$$00000011) for __rt_lib_shutdown_heap_1
    libshutdown.o(.ARM.Collect$$libshutdown$$00000000) refers (Special) to libshutdown2.o(.ARM.Collect$$libshutdown$$00000012) for __rt_lib_shutdown_return
    libshutdown.o(.ARM.Collect$$libshutdown$$00000000) refers (Special) to libshutdown2.o(.ARM.Collect$$libshutdown$$0000000C) for __rt_lib_shutdown_signal_1
    libshutdown.o(.ARM.Collect$$libshutdown$$00000000) refers (Special) to libshutdown2.o(.ARM.Collect$$libshutdown$$00000006) for __rt_lib_shutdown_stdio_1
    libshutdown.o(.ARM.Collect$$libshutdown$$00000000) refers (Special) to libshutdown2.o(.ARM.Collect$$libshutdown$$0000000E) for __rt_lib_shutdown_user_alloc_1
    sys_wrch.o(.text) refers (Special) to use_no_semi.o(.text) for __I$use$semihosting
    sys_wrch.o(.text) refers (Special) to indicate_semi.o(.text) for __semihosting_library_function
    defsig.o(CL$$defsig) refers to defsig_rtmem_inner.o(.text) for __rt_SIGRTMEM_inner
    defsig_abrt_inner.o(.text) refers to defsig_general.o(.text) for __default_signal_display
    defsig_fpe_inner.o(.text) refers to defsig_general.o(.text) for __default_signal_display
    defsig_rtred_inner.o(.text) refers to defsig_general.o(.text) for __default_signal_display
    defsig_stak_inner.o(.text) refers to defsig_general.o(.text) for __default_signal_display
    defsig_pvfn_inner.o(.text) refers to defsig_general.o(.text) for __default_signal_display
    defsig_cppl_inner.o(.text) refers to defsig_general.o(.text) for __default_signal_display
    defsig_segv_inner.o(.text) refers to defsig_general.o(.text) for __default_signal_display
    defsig_other.o(.text) refers to defsig_general.o(.text) for __default_signal_display


==============================================================================

Removing Unused input sections from the image.

    Removing sample.o(.rev16_text), (4 bytes).
    Removing sample.o(.revsh_text), (4 bytes).
    Removing sample.o(.rrx_text), (6 bytes).
    Removing core_cm3.o(.emb_text), (32 bytes).
    Removing system_lpc17xx.o(.rev16_text), (4 bytes).
    Removing system_lpc17xx.o(.revsh_text), (4 bytes).
    Removing system_lpc17xx.o(.rrx_text), (6 bytes).
    Removing irq_timer.o(.rev16_text), (4 bytes).
    Removing irq_timer.o(.revsh_text), (4 bytes).
    Removing irq_timer.o(.rrx_text), (6 bytes).
    Removing lib_timer.o(.rev16_text), (4 bytes).
    Removing lib_timer.o(.revsh_text), (4 bytes).
    Removing lib_timer.o(.rrx_text), (6 bytes).
    Removing glcd.o(.rev16_text), (4 bytes).
    Removing glcd.o(.revsh_text), (4 bytes).
    Removing glcd.o(.rrx_text), (6 bytes).
    Removing hzlib.o(.text), (52 bytes).
    Removing hzlib.o(.constdata), (216576 bytes).
    Removing funct_joystick.o(.rev16_text), (4 bytes).
    Removing funct_joystick.o(.revsh_text), (4 bytes).
    Removing funct_joystick.o(.rrx_text), (6 bytes).
    Removing funct_joystick.o(.text), (12 bytes).
    Removing lib_joystick.o(.rev16_text), (4 bytes).
    Removing lib_joystick.o(.revsh_text), (4 bytes).
    Removing lib_joystick.o(.rrx_text), (6 bytes).
    Removing irq_rit.o(.rev16_text), (4 bytes).
    Removing irq_rit.o(.revsh_text), (4 bytes).
    Removing irq_rit.o(.rrx_text), (6 bytes).
    Removing lib_rit.o(.rev16_text), (4 bytes).
    Removing lib_rit.o(.revsh_text), (4 bytes).
    Removing lib_rit.o(.rrx_text), (6 bytes).
    Removing irq_button.o(.rev16_text), (4 bytes).
    Removing irq_button.o(.revsh_text), (4 bytes).
    Removing irq_button.o(.rrx_text), (6 bytes).
    Removing lib_button.o(.rev16_text), (4 bytes).
    Removing lib_button.o(.revsh_text), (4 bytes).
    Removing lib_button.o(.rrx_text), (6 bytes).
    Removing irq_can.o(.rev16_text), (4 bytes).
    Removing irq_can.o(.revsh_text), (4 bytes).
    Removing irq_can.o(.rrx_text), (6 bytes).
    Removing lib_can.o(.rev16_text), (4 bytes).
    Removing lib_can.o(.revsh_text), (4 bytes).
    Removing lib_can.o(.rrx_text), (6 bytes).
    Removing can_quoridor_lib.o(.rev16_text), (4 bytes).
    Removing can_quoridor_lib.o(.revsh_text), (4 bytes).
    Removing can_quoridor_lib.o(.rrx_text), (6 bytes).
    Removing funct_led.o(.rev16_text), (4 bytes).
    Removing funct_led.o(.revsh_text), (4 bytes).
    Removing funct_led.o(.rrx_text), (6 bytes).
    Removing funct_led.o(.text), (112 bytes).
    Removing funct_led.o(.constdata), (32 bytes).
    Removing lib_led.o(.rev16_text), (4 bytes).
    Removing lib_led.o(.revsh_text), (4 bytes).
    Removing lib_led.o(.rrx_text), (6 bytes).
    Removing lib_led.o(.text), (64 bytes).
    Removing lib_led.o(.data), (1 bytes).

56 unused section(s) (total 217105 bytes) removed from the image.

==============================================================================

Image Symbol Table

    Local Symbols

    Symbol Name                              Value     Ov Type        Size  Object(Section)

    RESET                                    0x00000000   Section      204  startup_lpc17xx.o(RESET)
    ../clib/angel/boardlib.s                 0x00000000   Number         0  boardinit1.o ABSOLUTE
    ../clib/angel/boardlib.s                 0x00000000   Number         0  boardshut.o ABSOLUTE
    ../clib/angel/boardlib.s                 0x00000000   Number         0  boardinit2.o ABSOLUTE
    ../clib/angel/boardlib.s                 0x00000000   Number         0  boardinit3.o ABSOLUTE
    ../clib/angel/handlers.s                 0x00000000   Number         0  __scatter_copy.o ABSOLUTE
    ../clib/angel/handlers.s                 0x00000000   Number         0  __scatter_zi.o ABSOLUTE
    ../clib/angel/kernel.s                   0x00000000   Number         0  rtexit.o ABSOLUTE
    ../clib/angel/kernel.s                   0x00000000   Number         0  rtexit2.o ABSOLUTE
    ../clib/angel/kernel.s                   0x00000000   Number         0  __rtentry.o ABSOLUTE
    ../clib/angel/kernel.s                   0x00000000   Number         0  __rtentry4.o ABSOLUTE
    ../clib/angel/kernel.s                   0x00000000   Number         0  __rtentry2.o ABSOLUTE
    ../clib/angel/rt.s                       0x00000000   Number         0  rt_raise.o ABSOLUTE
    ../clib/angel/scatter.s                  0x00000000   Number         0  __scatter.o ABSOLUTE
    ../clib/angel/startup.s                  0x00000000   Number         0  __main.o ABSOLUTE
    ../clib/angel/sys.s                      0x00000000   Number         0  sys_stackheap_outer.o ABSOLUTE
    ../clib/angel/sys.s                      0x00000000   Number         0  use_no_semi.o ABSOLUTE
    ../clib/angel/sys.s                      0x00000000   Number         0  indicate_semi.o ABSOLUTE
    ../clib/angel/sys.s                      0x00000000   Number         0  libspace.o ABSOLUTE
    ../clib/angel/sysapp.c                   0x00000000   Number         0  sys_exit.o ABSOLUTE
    ../clib/angel/sysapp.c                   0x00000000   Number         0  sys_wrch.o ABSOLUTE
    ../clib/angel/sysapp.c                   0x00000000   Number         0  sys_command.o ABSOLUTE
    ../clib/armsys.c                         0x00000000   Number         0  argv_veneer.o ABSOLUTE
    ../clib/armsys.c                         0x00000000   Number         0  _get_argv_nomalloc.o ABSOLUTE
    ../clib/armsys.c                         0x00000000   Number         0  no_argv.o ABSOLUTE
    ../clib/armsys.c                         0x00000000   Number         0  argv_veneer.o ABSOLUTE
    ../clib/heapalloc.c                      0x00000000   Number         0  hrguard.o ABSOLUTE
    ../clib/heapaux.c                        0x00000000   Number         0  heapauxi.o ABSOLUTE
    ../clib/libinit.s                        0x00000000   Number         0  libinit.o ABSOLUTE
    ../clib/libinit.s                        0x00000000   Number         0  libshutdown2.o ABSOLUTE
    ../clib/libinit.s                        0x00000000   Number         0  libshutdown.o ABSOLUTE
    ../clib/libinit.s                        0x00000000   Number         0  libinit2.o ABSOLUTE
    ../clib/memcpset.s                       0x00000000   Number         0  rt_memcpy_v6.o ABSOLUTE
    ../clib/memcpset.s                       0x00000000   Number         0  rt_memcpy_w.o ABSOLUTE
    ../clib/memcpset.s                       0x00000000   Number         0  rt_memclr_w.o ABSOLUTE
    ../clib/printf.c                         0x00000000   Number         0  __printf_flags_ss_wp.o ABSOLUTE
    ../clib/printf.c                         0x00000000   Number         0  __printf_ss_wp.o ABSOLUTE
    ../clib/printf.c                         0x00000000   Number         0  __printf_flags_wp.o ABSOLUTE
    ../clib/printf.c                         0x00000000   Number         0  __printf_wp.o ABSOLUTE
    ../clib/printf.c                         0x00000000   Number         0  __printf_flags_ss.o ABSOLUTE
    ../clib/printf.c                         0x00000000   Number         0  __printf_ss.o ABSOLUTE
    ../clib/printf.c                         0x00000000   Number         0  __printf_flags.o ABSOLUTE
    ../clib/printf.c                         0x00000000   Number         0  _printf_char_common.o ABSOLUTE
    ../clib/printf.c                         0x00000000   Number         0  _printf_dec.o ABSOLUTE
    ../clib/printf.c                         0x00000000   Number         0  _sputc.o ABSOLUTE
    ../clib/printf.c                         0x00000000   Number         0  __printf.o ABSOLUTE
    ../clib/printf.c                         0x00000000   Number         0  noretval__2sprintf.o ABSOLUTE
    ../clib/printf.c                         0x00000000   Number         0  __2sprintf.o ABSOLUTE
    ../clib/printf.c                         0x00000000   Number         0  __printf_nopercent.o ABSOLUTE
    ../clib/printf.c                         0x00000000   Number         0  _printf_intcommon.o ABSOLUTE
    ../clib/printf_percent.s                 0x00000000   Number         0  _printf_percent_end.o ABSOLUTE
    ../clib/printf_percent.s                 0x00000000   Number         0  _printf_percent.o ABSOLUTE
    ../clib/printf_percent.s                 0x00000000   Number         0  _printf_d.o ABSOLUTE
    ../clib/signal.c                         0x00000000   Number         0  defsig_general.o ABSOLUTE
    ../clib/signal.c                         0x00000000   Number         0  __raise.o ABSOLUTE
    ../clib/signal.c                         0x00000000   Number         0  defsig_exit.o ABSOLUTE
    ../clib/signal.c                         0x00000000   Number         0  defsig_rtmem_formal.o ABSOLUTE
    ../clib/signal.c                         0x00000000   Number         0  defsig_rtmem_outer.o ABSOLUTE
    ../clib/signal.c                         0x00000000   Number         0  defsig_rtmem_inner.o ABSOLUTE
    ../clib/signal.c                         0x00000000   Number         0  defsig_other.o ABSOLUTE
    ../clib/signal.c                         0x00000000   Number         0  defsig_cppl_inner.o ABSOLUTE
    ../clib/signal.c                         0x00000000   Number         0  defsig_pvfn_inner.o ABSOLUTE
    ../clib/signal.c                         0x00000000   Number         0  defsig_stak_inner.o ABSOLUTE
    ../clib/signal.c                         0x00000000   Number         0  defsig_rtred_inner.o ABSOLUTE
    ../clib/signal.c                         0x00000000   Number         0  defsig_fpe_inner.o ABSOLUTE
    ../clib/signal.c                         0x00000000   Number         0  defsig_abrt_inner.o ABSOLUTE
    ../clib/signal.c                         0x00000000   Number         0  defsig_segv_inner.o ABSOLUTE
    ../clib/signal.s                         0x00000000   Number         0  defsig.o ABSOLUTE
    ../clib/stdlib.c                         0x00000000   Number         0  rand.o ABSOLUTE
    ../clib/stdlib.c                         0x00000000   Number         0  rand.o ABSOLUTE
    ../clib/stdlib.c                         0x00000000   Number         0  exit.o ABSOLUTE
    ../fplib/daddsub.s                       0x00000000   Number         0  daddsub_clz.o ABSOLUTE
    ../fplib/dfixu.s                         0x00000000   Number         0  dfixu.o ABSOLUTE
    ../fplib/dflt.s                          0x00000000   Number         0  dflt_clz.o ABSOLUTE
    ../fplib/dnaninf.s                       0x00000000   Number         0  dnaninf.o ABSOLUTE
    ../fplib/dretinf.s                       0x00000000   Number         0  dretinf.o ABSOLUTE
    ../fplib/fpinit.s                        0x00000000   Number         0  fpinit.o ABSOLUTE
    ../fplib/usenofp.s                       0x00000000   Number         0  usenofp.o ABSOLUTE
    CAN\CAN_Quoridor_lib.c                   0x00000000   Number         0  can_quoridor_lib.o ABSOLUTE
    CAN\IRQ_CAN.c                            0x00000000   Number         0  irq_can.o ABSOLUTE
    CAN\\CAN_Quoridor_lib.c                  0x00000000   Number         0  can_quoridor_lib.o ABSOLUTE
    CAN\\IRQ_CAN.c                           0x00000000   Number         0  irq_can.o ABSOLUTE
    CAN\\lib_CAN.c                           0x00000000   Number         0  lib_can.o ABSOLUTE
    CAN\lib_CAN.c                            0x00000000   Number         0  lib_can.o ABSOLUTE
    GLCD\AsciiLib.c                          0x00000000   Number         0  asciilib.o ABSOLUTE
    GLCD\GLCD.c                              0x00000000   Number         0  glcd.o ABSOLUTE
    GLCD\HzLib.c                             0x00000000   Number         0  hzlib.o ABSOLUTE
    GLCD\\GLCD.c                             0x00000000   Number         0  glcd.o ABSOLUTE
    RIT\IRQ_RIT.c                            0x00000000   Number         0  irq_rit.o ABSOLUTE
    RIT\\IRQ_RIT.c                           0x00000000   Number         0  irq_rit.o ABSOLUTE
    RIT\\lib_RIT.c                           0x00000000   Number         0  lib_rit.o ABSOLUTE
    RIT\lib_RIT.c                            0x00000000   Number         0  lib_rit.o ABSOLUTE
    board.c                                  0x00000000   Number         0  board.o ABSOLUTE
    button_EXINT\IRQ_button.c                0x00000000   Number         0  irq_button.o ABSOLUTE
    button_EXINT\\IRQ_button.c               0x00000000   Number         0  irq_button.o ABSOLUTE
    button_EXINT\\lib_button.c               0x00000000   Number         0  lib_button.o ABSOLUTE
    button_EXINT\lib_button.c                0x00000000   Number         0  lib_button.o ABSOLUTE
    core_cm3.c                               0x00000000   Number         0  core_cm3.o ABSOLUTE
    core_cm3.c                               0x00000000   Number         0  core_cm3.o ABSOLUTE
    dc.s                                     0x00000000   Number         0  dc.o ABSOLUTE
    joystick\\funct_joystick.c               0x00000000   Number         0  funct_joystick.o ABSOLUTE
    joystick\\lib_joystick.c                 0x00000000   Number         0  lib_joystick.o ABSOLUTE
    joystick\funct_joystick.c                0x00000000   Number         0  funct_joystick.o ABSOLUTE
    joystick\lib_joystick.c                  0x00000000   Number         0  lib_joystick.o ABSOLUTE
    led\\funct_led.c                         0x00000000   Number         0  funct_led.o ABSOLUTE
    led\\lib_led.c                           0x00000000   Number         0  lib_led.o ABSOLUTE
    led\funct_led.c                          0x00000000   Number         0  funct_led.o ABSOLUTE
    led\lib_led.c                            0x00000000   Number         0  lib_led.o ABSOLUTE
    sample.c                                 0x00000000   Number         0  sample.o ABSOLUTE
    sample.c                                 0x00000000   Number         0  sample.o ABSOLUTE
    startup_LPC17xx.s                        0x00000000   Number         0  startup_lpc17xx.o ABSOLUTE
    system_LPC17xx.c                         0x00000000   Number         0  system_lpc17xx.o ABSOLUTE
    system_LPC17xx.c                         0x00000000   Number         0  system_lpc17xx.o ABSOLUTE
    timer\IRQ_timer.c                        0x00000000   Number         0  irq_timer.o ABSOLUTE
    timer\\IRQ_timer.c                       0x00000000   Number         0  irq_timer.o ABSOLUTE
    timer\\lib_timer.c                       0x00000000   Number         0  lib_timer.o ABSOLUTE
    timer\lib_timer.c                        0x00000000   Number         0  lib_timer.o ABSOLUTE
    !!!main                                  0x000000cc   Section        8  __main.o(!!!main)
    !!!scatter                               0x000000d4   Section       52  __scatter.o(!!!scatter)
    !!handler_copy                           0x00000108   Section       26  __scatter_copy.o(!!handler_copy)
    !!handler_zi                             0x00000124   Section       28  __scatter_zi.o(!!handler_zi)
    .ARM.Collect$$_printf_percent$$00000000  0x00000140   Section        0  _printf_percent.o(.ARM.Collect$$_printf_percent$$00000000)
    .ARM.Collect$$_printf_percent$$00000009  0x00000140   Section        6  _printf_d.o(.ARM.Collect$$_printf_percent$$00000009)
    .ARM.Collect$$_printf_percent$$00000017  0x00000146   Section        4  _printf_percent_end.o(.ARM.Collect$$_printf_percent$$00000017)
    .ARM.Collect$$libinit$$00000000          0x0000014a   Section        2  libinit.o(.ARM.Collect$$libinit$$00000000)
    .ARM.Collect$$libinit$$00000002          0x0000014c   Section        0  libinit2.o(.ARM.Collect$$libinit$$00000002)
    .ARM.Collect$$libinit$$00000004          0x0000014c   Section        0  libinit2.o(.ARM.Collect$$libinit$$00000004)
    .ARM.Collect$$libinit$$0000000A          0x0000014c   Section        0  libinit2.o(.ARM.Collect$$libinit$$0000000A)
    .ARM.Collect$$libinit$$0000000C          0x0000014c   Section        0  libinit2.o(.ARM.Collect$$libinit$$0000000C)
    .ARM.Collect$$libinit$$0000000D          0x0000014c   Section        4  libinit2.o(.ARM.Collect$$libinit$$0000000D)
    .ARM.Collect$$libinit$$0000000E          0x00000150   Section        0  libinit2.o(.ARM.Collect$$libinit$$0000000E)
    .ARM.Collect$$libinit$$00000011          0x00000150   Section        0  libinit2.o(.ARM.Collect$$libinit$$00000011)
    .ARM.Collect$$libinit$$00000013          0x00000150   Section        0  libinit2.o(.ARM.Collect$$libinit$$00000013)
    .ARM.Collect$$libinit$$00000015          0x00000150   Section        0  libinit2.o(.ARM.Collect$$libinit$$00000015)
    .ARM.Collect$$libinit$$00000017          0x00000150   Section        0  libinit2.o(.ARM.Collect$$libinit$$00000017)
    .ARM.Collect$$libinit$$00000019          0x00000150   Section        0  libinit2.o(.ARM.Collect$$libinit$$00000019)
    .ARM.Collect$$libinit$$0000001B          0x00000150   Section        0  libinit2.o(.ARM.Collect$$libinit$$0000001B)
    .ARM.Collect$$libinit$$0000001D          0x00000150   Section        0  libinit2.o(.ARM.Collect$$libinit$$0000001D)
    .ARM.Collect$$libinit$$0000001F          0x00000150   Section        0  libinit2.o(.ARM.Collect$$libinit$$0000001F)
    .ARM.Collect$$libinit$$00000021          0x00000150   Section        0  libinit2.o(.ARM.Collect$$libinit$$00000021)
    .ARM.Collect$$libinit$$00000023          0x00000150   Section        0  libinit2.o(.ARM.Collect$$libinit$$00000023)
    .ARM.Collect$$libinit$$00000025          0x00000150   Section        0  libinit2.o(.ARM.Collect$$libinit$$00000025)
    .ARM.Collect$$libinit$$0000002C          0x00000150   Section        0  libinit2.o(.ARM.Collect$$libinit$$0000002C)
    .ARM.Collect$$libinit$$0000002E          0x00000150   Section        0  libinit2.o(.ARM.Collect$$libinit$$0000002E)
    .ARM.Collect$$libinit$$00000030          0x00000150   Section        0  libinit2.o(.ARM.Collect$$libinit$$00000030)
    .ARM.Collect$$libinit$$00000032          0x00000150   Section        0  libinit2.o(.ARM.Collect$$libinit$$00000032)
    .ARM.Collect$$libinit$$00000033          0x00000150   Section        2  libinit2.o(.ARM.Collect$$libinit$$00000033)
    .ARM.Collect$$libshutdown$$00000000      0x00000152   Section        2  libshutdown.o(.ARM.Collect$$libshutdown$$00000000)
    .ARM.Collect$$libshutdown$$00000002      0x00000154   Section        0  libshutdown2.o(.ARM.Collect$$libshutdown$$00000002)
    .ARM.Collect$$libshutdown$$00000004      0x00000154   Section        0  libshutdown2.o(.ARM.Collect$$libshutdown$$00000004)
    .ARM.Collect$$libshutdown$$00000006      0x00000154   Section        0  libshutdown2.o(.ARM.Collect$$libshutdown$$00000006)
    .ARM.Collect$$libshutdown$$00000009      0x00000154   Section        0  libshutdown2.o(.ARM.Collect$$libshutdown$$00000009)
    .ARM.Collect$$libshutdown$$0000000C      0x00000154   Section        0  libshutdown2.o(.ARM.Collect$$libshutdown$$0000000C)
    .ARM.Collect$$libshutdown$$0000000E      0x00000154   Section        0  libshutdown2.o(.ARM.Collect$$libshutdown$$0000000E)
    .ARM.Collect$$libshutdown$$00000011      0x00000154   Section        0  libshutdown2.o(.ARM.Collect$$libshutdown$$00000011)
    .ARM.Collect$$libshutdown$$00000012      0x00000154   Section        2  libshutdown2.o(.ARM.Collect$$libshutdown$$00000012)
    .ARM.Collect$$rtentry$$00000000          0x00000156   Section        0  __rtentry.o(.ARM.Collect$$rtentry$$00000000)
    .ARM.Collect$$rtentry$$00000002          0x00000156   Section        0  __rtentry2.o(.ARM.Collect$$rtentry$$00000002)
    .ARM.Collect$$rtentry$$00000004          0x00000156   Section        6  __rtentry4.o(.ARM.Collect$$rtentry$$00000004)
    .ARM.Collect$$rtentry$$00000009          0x0000015c   Section        0  __rtentry2.o(.ARM.Collect$$rtentry$$00000009)
    .ARM.Collect$$rtentry$$0000000A          0x0000015c   Section        4  __rtentry2.o(.ARM.Collect$$rtentry$$0000000A)
    .ARM.Collect$$rtentry$$0000000C          0x00000160   Section        0  __rtentry2.o(.ARM.Collect$$rtentry$$0000000C)
    .ARM.Collect$$rtentry$$0000000D          0x00000160   Section        8  __rtentry2.o(.ARM.Collect$$rtentry$$0000000D)
    .ARM.Collect$$rtexit$$00000000           0x00000168   Section        2  rtexit.o(.ARM.Collect$$rtexit$$00000000)
    .ARM.Collect$$rtexit$$00000002           0x0000016a   Section        0  rtexit2.o(.ARM.Collect$$rtexit$$00000002)
    .ARM.Collect$$rtexit$$00000003           0x0000016a   Section        4  rtexit2.o(.ARM.Collect$$rtexit$$00000003)
    .ARM.Collect$$rtexit$$00000004           0x0000016e   Section        6  rtexit2.o(.ARM.Collect$$rtexit$$00000004)
    .emb_text                                0x00000174   Section       52  rand.o(.emb_text)
    .text                                    0x000001a8   Section       52  startup_lpc17xx.o(.text)
    .text                                    0x000001dc   Section        0  lib_timer.o(.text)
    __NVIC_EnableIRQ                         0x000001dd   Thumb Code    34  lib_timer.o(.text)
    .text                                    0x000002c8   Section        0  asciilib.o(.text)
    .text                                    0x000002e8   Section        0  heapauxi.o(.text)
    .text                                    0x000002ee   Section        0  _sputc.o(.text)
    .text                                    0x000002f8   Section        2  use_no_semi.o(.text)
    .text                                    0x000002fa   Section        0  indicate_semi.o(.text)
    x$fpl$usenofp                            0x000002fa   Section        0  usenofp.o(x$fpl$usenofp)
    .ARM.__at_0x02FC                         0x000002fc   Section        4  startup_lpc17xx.o(.ARM.__at_0x02FC)
    .text                                    0x00000300   Section        0  sample.o(.text)
    __NVIC_EnableIRQ                         0x00000301   Thumb Code    34  sample.o(.text)
    __NVIC_DisableIRQ                        0x00000323   Thumb Code    30  sample.o(.text)
    .text                                    0x00000ef0   Section        0  board.o(.text)
    .text                                    0x00003388   Section        0  system_lpc17xx.o(.text)
    .text                                    0x000035b4   Section        0  irq_timer.o(.text)
    .text                                    0x0000371c   Section        0  glcd.o(.text)
    LCD_Configuration                        0x0000371d   Thumb Code    20  glcd.o(.text)
    wait_delay                               0x00003731   Thumb Code    12  glcd.o(.text)
    LCD_SetCursor                            0x0000373d   Thumb Code  1356  glcd.o(.text)
    delay_ms                                 0x00003c89   Thumb Code    30  glcd.o(.text)
    LCD_BGR2RGB                              0x00007185   Thumb Code    26  glcd.o(.text)
    .text                                    0x00009e64   Section        0  lib_joystick.o(.text)
    .text                                    0x00009ee8   Section        0  irq_rit.o(.text)
    __NVIC_EnableIRQ                         0x00009ee9   Thumb Code    34  irq_rit.o(.text)
    .text                                    0x0000a754   Section        0  lib_rit.o(.text)
    .text                                    0x0000a7e8   Section        0  irq_button.o(.text)
    __NVIC_DisableIRQ                        0x0000a7e9   Thumb Code    30  irq_button.o(.text)
    .text                                    0x0000a9f8   Section        0  lib_button.o(.text)
    __NVIC_EnableIRQ                         0x0000a9f9   Thumb Code    34  lib_button.o(.text)
    __NVIC_SetPriority                       0x0000aa1b   Thumb Code    32  lib_button.o(.text)
    .text                                    0x0000aacc   Section        0  irq_can.o(.text)
    .text                                    0x0000aba4   Section        0  lib_can.o(.text)
    __NVIC_EnableIRQ                         0x0000aba5   Thumb Code    34  lib_can.o(.text)
    CAN_cfgBaudrate                          0x0000abc7   Thumb Code    70  lib_can.o(.text)
    .text                                    0x0000b0d0   Section        0  can_quoridor_lib.o(.text)
    .text                                    0x0000b1fc   Section        0  noretval__2sprintf.o(.text)
    .text                                    0x0000b224   Section        0  __printf.o(.text)
    .text                                    0x0000b28c   Section        0  _printf_dec.o(.text)
    .text                                    0x0000b304   Section        0  rand.o(.text)
    .text                                    0x0000b340   Section      138  rt_memcpy_v6.o(.text)
    .text                                    0x0000b3ca   Section      100  rt_memcpy_w.o(.text)
    .text                                    0x0000b42e   Section       78  rt_memclr_w.o(.text)
    .text                                    0x0000b47c   Section        0  _printf_intcommon.o(.text)
    .text                                    0x0000b530   Section        0  _printf_char_common.o(.text)
    _printf_input_char                       0x0000b531   Thumb Code    10  _printf_char_common.o(.text)
    .text                                    0x0000b560   Section       74  sys_stackheap_outer.o(.text)
    .text                                    0x0000b5aa   Section        0  exit.o(.text)
    .text                                    0x0000b5bc   Section        8  libspace.o(.text)
    .text                                    0x0000b5c4   Section        0  sys_exit.o(.text)
    x$fpl$dadd                               0x0000b5d0   Section      336  daddsub_clz.o(x$fpl$dadd)
    _dadd1                                   0x0000b5e1   Thumb Code     0  daddsub_clz.o(x$fpl$dadd)
    x$fpl$dfixu                              0x0000b720   Section       90  dfixu.o(x$fpl$dfixu)
    x$fpl$dflt                               0x0000b77a   Section       46  dflt_clz.o(x$fpl$dflt)
    x$fpl$dnaninf                            0x0000b7a8   Section      156  dnaninf.o(x$fpl$dnaninf)
    x$fpl$dretinf                            0x0000b844   Section       12  dretinf.o(x$fpl$dretinf)
    x$fpl$drsb                               0x0000b850   Section       22  daddsub_clz.o(x$fpl$drsb)
    x$fpl$dsub                               0x0000b868   Section      468  daddsub_clz.o(x$fpl$dsub)
    _dsub1                                   0x0000b879   Thumb Code     0  daddsub_clz.o(x$fpl$dsub)
    .constdata                               0x0000ba3c   Section     1520  asciilib.o(.constdata)
    AsciiLib                                 0x0000ba3c   Data        1520  asciilib.o(.constdata)
    .constdata                               0x0000c02c   Section       68  lib_can.o(.constdata)
    STACK                                    0x10000000   Section    32768  startup_lpc17xx.o(STACK)
    Stack_Mem                                0x10000000   Data       32768  startup_lpc17xx.o(STACK)
    __initial_sp                             0x10008000   Data           0  startup_lpc17xx.o(STACK)
    .data                                    0x2007c000   Section       52  sample.o(.data)
    .data                                    0x2007c034   Section        1  board.o(.data)
    .data                                    0x2007c038   Section        4  system_lpc17xx.o(.data)
    .data                                    0x2007c03c   Section        5  glcd.o(.data)
    LCD_Code                                 0x2007c03c   Data           1  glcd.o(.data)
    .data                                    0x2007c044   Section       56  irq_rit.o(.data)
    J_select                                 0x2007c054   Data           4  irq_rit.o(.data)
    J_down                                   0x2007c058   Data           4  irq_rit.o(.data)
    J_right                                  0x2007c05c   Data           4  irq_rit.o(.data)
    J_left                                   0x2007c060   Data           4  irq_rit.o(.data)
    J_up                                     0x2007c064   Data           4  irq_rit.o(.data)
    J_down_left                              0x2007c068   Data           4  irq_rit.o(.data)
    J_down_right                             0x2007c06c   Data           4  irq_rit.o(.data)
    J_up_left                                0x2007c070   Data           4  irq_rit.o(.data)
    J_up_right                               0x2007c074   Data           4  irq_rit.o(.data)
    move_selected                            0x2007c078   Data           1  irq_rit.o(.data)
    menu_sel_down                            0x2007c079   Data           1  irq_rit.o(.data)
    menu_sel_up                              0x2007c07a   Data           1  irq_rit.o(.data)
    multiplayer_warning                      0x2007c07b   Data           1  irq_rit.o(.data)
    .data                                    0x2007c07c   Section       16  lib_can.o(.data)
    CAN_std_cnt                              0x2007c084   Data           4  lib_can.o(.data)
    CAN_ext_cnt                              0x2007c088   Data           4  lib_can.o(.data)
    .bss                                     0x2007c090   Section     7200  sample.o(.bss)
    .bss                                     0x2007dcb0   Section      248  board.o(.bss)
    .bss                                     0x2007dda8   Section       32  lib_can.o(.bss)
    .bss                                     0x2007ddc8   Section      228  rand.o(.bss)
    .bss                                     0x2007deac   Section       96  libspace.o(.bss)
    HEAP                                     0x2007df10   Section        0  startup_lpc17xx.o(HEAP)
    Heap_Mem                                 0x2007df10   Data           0  startup_lpc17xx.o(HEAP)

    Global Symbols

    Symbol Name                              Value     Ov Type        Size  Object(Section)

    BuildAttributes$$THM_ISAv4$P$D$K$B$S$PE$A:L22UL41UL21$X:L11$S22US41US21$IEEE1$IW$USESV6$~STKCKD$USESV7$~SHL$OSPACE$ROPI$EBA8$UX$STANDARDLIB$REQ8$PRES8$EABIv2 0x00000000   Number         0  anon$$obj.o ABSOLUTE
    __ARM_use_no_argv                        0x00000000   Number         0  sample.o ABSOLUTE
    __Vectors                                0x00000000   Data           4  startup_lpc17xx.o(RESET)
    __ARM_exceptions_init                     - Undefined Weak Reference
    __alloca_initialize                       - Undefined Weak Reference
    __arm_fini_                               - Undefined Weak Reference
    __arm_preinit_                            - Undefined Weak Reference
    __cpp_initialize__aeabi_                  - Undefined Weak Reference
    __cxa_finalize                            - Undefined Weak Reference
    __rt_locale                               - Undefined Weak Reference
    __sigvec_lookup                           - Undefined Weak Reference
    _atexit_init                              - Undefined Weak Reference
    _call_atexit_fns                          - Undefined Weak Reference
    _clock_init                               - Undefined Weak Reference
    _fp_trap_init                             - Undefined Weak Reference
    _fp_trap_shutdown                         - Undefined Weak Reference
    _get_lc_collate                           - Undefined Weak Reference
    _get_lc_ctype                             - Undefined Weak Reference
    _get_lc_monetary                          - Undefined Weak Reference
    _get_lc_numeric                           - Undefined Weak Reference
    _get_lc_time                              - Undefined Weak Reference
    _getenv_init                              - Undefined Weak Reference
    _handle_redirection                       - Undefined Weak Reference
    _init_alloc                               - Undefined Weak Reference
    _init_user_alloc                          - Undefined Weak Reference
    _initio                                   - Undefined Weak Reference
    _printf_post_padding                      - Undefined Weak Reference
    _printf_pre_padding                       - Undefined Weak Reference
    _printf_truncate_signed                   - Undefined Weak Reference
    _printf_truncate_unsigned                 - Undefined Weak Reference
    _signal_finish                            - Undefined Weak Reference
    _signal_init                              - Undefined Weak Reference
    _terminate_alloc                          - Undefined Weak Reference
    _terminate_user_alloc                     - Undefined Weak Reference
    _terminateio                              - Undefined Weak Reference
    __main                                   0x000000cd   Thumb Code     8  __main.o(!!!main)
    __scatterload                            0x000000d5   Thumb Code     0  __scatter.o(!!!scatter)
    __scatterload_rt2                        0x000000d5   Thumb Code    44  __scatter.o(!!!scatter)
    __scatterload_rt2_thumb_only             0x000000d5   Thumb Code     0  __scatter.o(!!!scatter)
    __scatterload_null                       0x000000e3   Thumb Code     0  __scatter.o(!!!scatter)
    __scatterload_copy                       0x00000109   Thumb Code    26  __scatter_copy.o(!!handler_copy)
    __scatterload_zeroinit                   0x00000125   Thumb Code    28  __scatter_zi.o(!!handler_zi)
    _printf_d                                0x00000141   Thumb Code     0  _printf_d.o(.ARM.Collect$$_printf_percent$$00000009)
    _printf_percent                          0x00000141   Thumb Code     0  _printf_percent.o(.ARM.Collect$$_printf_percent$$00000000)
    _printf_percent_end                      0x00000147   Thumb Code     0  _printf_percent_end.o(.ARM.Collect$$_printf_percent$$00000017)
    __rt_lib_init                            0x0000014b   Thumb Code     0  libinit.o(.ARM.Collect$$libinit$$00000000)
    __rt_lib_init_fp_1                       0x0000014d   Thumb Code     0  libinit2.o(.ARM.Collect$$libinit$$00000002)
    __rt_lib_init_heap_1                     0x0000014d   Thumb Code     0  libinit2.o(.ARM.Collect$$libinit$$0000000A)
    __rt_lib_init_preinit_1                  0x0000014d   Thumb Code     0  libinit2.o(.ARM.Collect$$libinit$$00000004)
    __rt_lib_init_rand_2                     0x0000014d   Thumb Code     0  libinit2.o(.ARM.Collect$$libinit$$0000000D)
    __rt_lib_init_user_alloc_1               0x0000014d   Thumb Code     0  libinit2.o(.ARM.Collect$$libinit$$0000000C)
    __rt_lib_init_alloca_1                   0x00000151   Thumb Code     0  libinit2.o(.ARM.Collect$$libinit$$0000002E)
    __rt_lib_init_argv_1                     0x00000151   Thumb Code     0  libinit2.o(.ARM.Collect$$libinit$$0000002C)
    __rt_lib_init_atexit_1                   0x00000151   Thumb Code     0  libinit2.o(.ARM.Collect$$libinit$$0000001B)
    __rt_lib_init_clock_1                    0x00000151   Thumb Code     0  libinit2.o(.ARM.Collect$$libinit$$00000021)
    __rt_lib_init_cpp_1                      0x00000151   Thumb Code     0  libinit2.o(.ARM.Collect$$libinit$$00000032)
    __rt_lib_init_exceptions_1               0x00000151   Thumb Code     0  libinit2.o(.ARM.Collect$$libinit$$00000030)
    __rt_lib_init_fp_trap_1                  0x00000151   Thumb Code     0  libinit2.o(.ARM.Collect$$libinit$$0000001F)
    __rt_lib_init_getenv_1                   0x00000151   Thumb Code     0  libinit2.o(.ARM.Collect$$libinit$$00000023)
    __rt_lib_init_lc_collate_1               0x00000151   Thumb Code     0  libinit2.o(.ARM.Collect$$libinit$$00000011)
    __rt_lib_init_lc_ctype_1                 0x00000151   Thumb Code     0  libinit2.o(.ARM.Collect$$libinit$$00000013)
    __rt_lib_init_lc_monetary_1              0x00000151   Thumb Code     0  libinit2.o(.ARM.Collect$$libinit$$00000015)
    __rt_lib_init_lc_numeric_1               0x00000151   Thumb Code     0  libinit2.o(.ARM.Collect$$libinit$$00000017)
    __rt_lib_init_lc_time_1                  0x00000151   Thumb Code     0  libinit2.o(.ARM.Collect$$libinit$$00000019)
    __rt_lib_init_rand_1                     0x00000151   Thumb Code     0  libinit2.o(.ARM.Collect$$libinit$$0000000E)
    __rt_lib_init_return                     0x00000151   Thumb Code     0  libinit2.o(.ARM.Collect$$libinit$$00000033)
    __rt_lib_init_signal_1                   0x00000151   Thumb Code     0  libinit2.o(.ARM.Collect$$libinit$$0000001D)
    __rt_lib_init_stdio_1                    0x00000151   Thumb Code     0  libinit2.o(.ARM.Collect$$libinit$$00000025)
    __rt_lib_shutdown                        0x00000153   Thumb Code     0  libshutdown.o(.ARM.Collect$$libshutdown$$00000000)
    __rt_lib_shutdown_cpp_1                  0x00000155   Thumb Code     0  libshutdown2.o(.ARM.Collect$$libshutdown$$00000004)
    __rt_lib_shutdown_fini_1                 0x00000155   Thumb Code     0  libshutdown2.o(.ARM.Collect$$libshutdown$$00000002)
    __rt_lib_shutdown_fp_trap_1              0x00000155   Thumb Code     0  libshutdown2.o(.ARM.Collect$$libshutdown$$00000009)
    __rt_lib_shutdown_heap_1                 0x00000155   Thumb Code     0  libshutdown2.o(.ARM.Collect$$libshutdown$$00000011)
    __rt_lib_shutdown_return                 0x00000155   Thumb Code     0  libshutdown2.o(.ARM.Collect$$libshutdown$$00000012)
    __rt_lib_shutdown_signal_1               0x00000155   Thumb Code     0  libshutdown2.o(.ARM.Collect$$libshutdown$$0000000C)
    __rt_lib_shutdown_stdio_1                0x00000155   Thumb Code     0  libshutdown2.o(.ARM.Collect$$libshutdown$$00000006)
    __rt_lib_shutdown_user_alloc_1           0x00000155   Thumb Code     0  libshutdown2.o(.ARM.Collect$$libshutdown$$0000000E)
    __rt_entry                               0x00000157   Thumb Code     0  __rtentry.o(.ARM.Collect$$rtentry$$00000000)
    __rt_entry_presh_1                       0x00000157   Thumb Code     0  __rtentry2.o(.ARM.Collect$$rtentry$$00000002)
    __rt_entry_sh                            0x00000157   Thumb Code     0  __rtentry4.o(.ARM.Collect$$rtentry$$00000004)
    __rt_entry_li                            0x0000015d   Thumb Code     0  __rtentry2.o(.ARM.Collect$$rtentry$$0000000A)
    __rt_entry_postsh_1                      0x0000015d   Thumb Code     0  __rtentry2.o(.ARM.Collect$$rtentry$$00000009)
    __rt_entry_main                          0x00000161   Thumb Code     0  __rtentry2.o(.ARM.Collect$$rtentry$$0000000D)
    __rt_entry_postli_1                      0x00000161   Thumb Code     0  __rtentry2.o(.ARM.Collect$$rtentry$$0000000C)
    __rt_exit                                0x00000169   Thumb Code     0  rtexit.o(.ARM.Collect$$rtexit$$00000000)
    __rt_exit_ls                             0x0000016b   Thumb Code     0  rtexit2.o(.ARM.Collect$$rtexit$$00000003)
    __rt_exit_prels_1                        0x0000016b   Thumb Code     0  rtexit2.o(.ARM.Collect$$rtexit$$00000002)
    __rt_exit_exit                           0x0000016f   Thumb Code     0  rtexit2.o(.ARM.Collect$$rtexit$$00000004)
    rand                                     0x00000175   Thumb Code    48  rand.o(.emb_text)
    Reset_Handler                            0x000001a9   Thumb Code     4  startup_lpc17xx.o(.text)
    NMI_Handler                              0x000001ad   Thumb Code     2  startup_lpc17xx.o(.text)
    HardFault_Handler                        0x000001af   Thumb Code     2  startup_lpc17xx.o(.text)
    MemManage_Handler                        0x000001b1   Thumb Code     2  startup_lpc17xx.o(.text)
    BusFault_Handler                         0x000001b3   Thumb Code     2  startup_lpc17xx.o(.text)
    UsageFault_Handler                       0x000001b5   Thumb Code     2  startup_lpc17xx.o(.text)
    SVC_Handler                              0x000001b7   Thumb Code     2  startup_lpc17xx.o(.text)
    DebugMon_Handler                         0x000001b9   Thumb Code     2  startup_lpc17xx.o(.text)
    PendSV_Handler                           0x000001bb   Thumb Code     2  startup_lpc17xx.o(.text)
    SysTick_Handler                          0x000001bd   Thumb Code     2  startup_lpc17xx.o(.text)
    ADC_IRQHandler                           0x000001bf   Thumb Code     0  startup_lpc17xx.o(.text)
    BOD_IRQHandler                           0x000001bf   Thumb Code     0  startup_lpc17xx.o(.text)
    CANActivity_IRQHandler                   0x000001bf   Thumb Code     0  startup_lpc17xx.o(.text)
    DMA_IRQHandler                           0x000001bf   Thumb Code     0  startup_lpc17xx.o(.text)
    EINT3_IRQHandler                         0x000001bf   Thumb Code     0  startup_lpc17xx.o(.text)
    ENET_IRQHandler                          0x000001bf   Thumb Code     0  startup_lpc17xx.o(.text)
    I2C0_IRQHandler                          0x000001bf   Thumb Code     0  startup_lpc17xx.o(.text)
    I2C1_IRQHandler                          0x000001bf   Thumb Code     0  startup_lpc17xx.o(.text)
    I2C2_IRQHandler                          0x000001bf   Thumb Code     0  startup_lpc17xx.o(.text)
    I2S_IRQHandler                           0x000001bf   Thumb Code     0  startup_lpc17xx.o(.text)
    MCPWM_IRQHandler                         0x000001bf   Thumb Code     0  startup_lpc17xx.o(.text)
    PLL0_IRQHandler                          0x000001bf   Thumb Code     0  startup_lpc17xx.o(.text)
    PLL1_IRQHandler                          0x000001bf   Thumb Code     0  startup_lpc17xx.o(.text)
    PWM1_IRQHandler                          0x000001bf   Thumb Code     0  startup_lpc17xx.o(.text)
    QEI_IRQHandler                           0x000001bf   Thumb Code     0  startup_lpc17xx.o(.text)
    RTC_IRQHandler                           0x000001bf   Thumb Code     0  startup_lpc17xx.o(.text)
    SPI_IRQHandler                           0x000001bf   Thumb Code     0  startup_lpc17xx.o(.text)
    SSP0_IRQHandler                          0x000001bf   Thumb Code     0  startup_lpc17xx.o(.text)
    SSP1_IRQHandler                          0x000001bf   Thumb Code     0  startup_lpc17xx.o(.text)
    TIMER3_IRQHandler                        0x000001bf   Thumb Code     0  startup_lpc17xx.o(.text)
    UART0_IRQHandler                         0x000001bf   Thumb Code     0  startup_lpc17xx.o(.text)
    UART1_IRQHandler                         0x000001bf   Thumb Code     0  startup_lpc17xx.o(.text)
    UART2_IRQHandler                         0x000001bf   Thumb Code     0  startup_lpc17xx.o(.text)
    UART3_IRQHandler                         0x000001bf   Thumb Code     0  startup_lpc17xx.o(.text)
    USBActivity_IRQHandler                   0x000001bf   Thumb Code     0  startup_lpc17xx.o(.text)
    USB_IRQHandler                           0x000001bf   Thumb Code     0  startup_lpc17xx.o(.text)
    WDT_IRQHandler                           0x000001bf   Thumb Code     0  startup_lpc17xx.o(.text)
    __user_initial_stackheap                 0x000001c1   Thumb Code     0  startup_lpc17xx.o(.text)
    enable_timer                             0x000001ff   Thumb Code    32  lib_timer.o(.text)
    disable_timer                            0x0000021f   Thumb Code    32  lib_timer.o(.text)
    reset_timer                              0x0000023f   Thumb Code    46  lib_timer.o(.text)
    init_timer                               0x0000026d   Thumb Code    82  lib_timer.o(.text)
    GetASCIICode                             0x000002c9   Thumb Code    26  asciilib.o(.text)
    __use_two_region_memory                  0x000002e9   Thumb Code     2  heapauxi.o(.text)
    __rt_heap_escrow$2region                 0x000002eb   Thumb Code     2  heapauxi.o(.text)
    __rt_heap_expand$2region                 0x000002ed   Thumb Code     2  heapauxi.o(.text)
    _sputc                                   0x000002ef   Thumb Code    10  _sputc.o(.text)
    __I$use$semihosting                      0x000002f9   Thumb Code     0  use_no_semi.o(.text)
    __use_no_semihosting_swi                 0x000002f9   Thumb Code     2  use_no_semi.o(.text)
    __I$use$fp                               0x000002fa   Number         0  usenofp.o(x$fpl$usenofp)
    __semihosting_library_function           0x000002fb   Thumb Code     0  indicate_semi.o(.text)
    StartGame                                0x00000341   Thumb Code   120  sample.o(.text)
    EndGame                                  0x000003b9   Thumb Code   248  sample.o(.text)
    Game_SingleBoard_Human                   0x000004b1   Thumb Code   314  sample.o(.text)
    Game_TwoBoard_Human                      0x000005eb   Thumb Code   780  sample.o(.text)
    Game_SingleBoard_NPC                     0x000008f7   Thumb Code   460  sample.o(.text)
    Game_TwoBoard_NPC                        0x00000ac3   Thumb Code   586  sample.o(.text)
    main                                     0x00000d0d   Thumb Code   406  sample.o(.text)
    CheckWin                                 0x00000ef1   Thumb Code    90  board.o(.text)
    initBoard                                0x00000f4b   Thumb Code   710  board.o(.text)
    resetBoard                               0x00001211   Thumb Code    42  board.o(.text)
    calcPossMovesPlayer                      0x0000123b   Thumb Code  1502  board.o(.text)
    testcalcPossMovesPlayer                  0x00001819   Thumb Code  1076  board.o(.text)
    MovePlayerLeft                           0x00001c4d   Thumb Code   128  board.o(.text)
    MovePlayerDownLeft                       0x00001ccd   Thumb Code    92  board.o(.text)
    MovePlayerDownRight                      0x00001d29   Thumb Code    92  board.o(.text)
    MovePlayerDown                           0x00001d85   Thumb Code   128  board.o(.text)
    MovePlayerUp                             0x00001e05   Thumb Code   128  board.o(.text)
    MovePlayerUpLeft                         0x00001e85   Thumb Code    92  board.o(.text)
    MovePlayerUpRight                        0x00001ee1   Thumb Code    92  board.o(.text)
    MovePlayerRight                          0x00001f3d   Thumb Code   128  board.o(.text)
    ConfirmMovePlayer                        0x00001fbd   Thumb Code   146  board.o(.text)
    testConfirmMovePlayer                    0x0000204f   Thumb Code    94  board.o(.text)
    MoveWallUp                               0x000020ad   Thumb Code   264  board.o(.text)
    MoveWallLeft                             0x000021b5   Thumb Code   264  board.o(.text)
    MoveWallRight                            0x000022bd   Thumb Code   274  board.o(.text)
    MoveWallDown                             0x000023cf   Thumb Code   288  board.o(.text)
    RotateMovingWall                         0x000024ef   Thumb Code   230  board.o(.text)
    UnsetPossMoves                           0x000025d5   Thumb Code    48  board.o(.text)
    UnsetSelMoves                            0x00002605   Thumb Code    52  board.o(.text)
    UnsetMovingWalls                         0x00002639   Thumb Code    60  board.o(.text)
    UnsetMovedWalls                          0x00002675   Thumb Code    60  board.o(.text)
    ConfirmMoveWall                          0x000026b1   Thumb Code   548  board.o(.text)
    testConfirmMoveWall                      0x000028d5   Thumb Code   292  board.o(.text)
    copyBoard                                0x000029f9   Thumb Code    50  board.o(.text)
    explore_possMoves                        0x00002a2b   Thumb Code   256  board.o(.text)
    CheckValidWall                           0x00002b2b   Thumb Code   108  board.o(.text)
    MakeOpponentMove                         0x00002b97   Thumb Code   298  board.o(.text)
    bestPathNPC                              0x00002cc1   Thumb Code   382  board.o(.text)
    MakeNPCMove                              0x00002e3f   Thumb Code  1302  board.o(.text)
    ResetMove                                0x00003355   Thumb Code    32  board.o(.text)
    SystemInit                               0x00003389   Thumb Code   526  system_lpc17xx.o(.text)
    TIMER0_IRQHandler                        0x000035b5   Thumb Code    44  irq_timer.o(.text)
    TIMER1_IRQHandler                        0x000035e1   Thumb Code     8  irq_timer.o(.text)
    TIMER2_IRQHandler                        0x000035e9   Thumb Code   258  irq_timer.o(.text)
    LCD_Initialization                       0x00003ca7   Thumb Code 12014  glcd.o(.text)
    LCD_Clear                                0x00006b95   Thumb Code  1520  glcd.o(.text)
    LCD_GetPoint                             0x0000719f   Thumb Code   994  glcd.o(.text)
    LCD_SetPoint                             0x00007581   Thumb Code   206  glcd.o(.text)
    LCD_DrawLine                             0x0000764f   Thumb Code   250  glcd.o(.text)
    LCD_DrawCircle                           0x00007749   Thumb Code   900  glcd.o(.text)
    PutChar                                  0x00007acd   Thumb Code   100  glcd.o(.text)
    GUI_Text                                 0x00007b31   Thumb Code    80  glcd.o(.text)
    LCD_DrawPlayer                           0x00007b81   Thumb Code   326  glcd.o(.text)
    LCD_ShowPossMoves                        0x00007cc7   Thumb Code   244  glcd.o(.text)
    LCD_MakeEmpty                            0x00007dbb   Thumb Code   260  glcd.o(.text)
    LCD_ClearPossMoves                       0x00007ebf   Thumb Code   274  glcd.o(.text)
    LCD_ShowSelMove                          0x00007fd1   Thumb Code   244  glcd.o(.text)
    LCD_DeselMove                            0x000080c5   Thumb Code   264  glcd.o(.text)
    LCD_ClearSelMove                         0x000081cd   Thumb Code   248  glcd.o(.text)
    LCD_DrawMovingWall                       0x000082c5   Thumb Code  1014  glcd.o(.text)
    LCD_DrawWallNPC                          0x000086bb   Thumb Code   894  glcd.o(.text)
    LCD_ClearMovingWalls                     0x00008a39   Thumb Code  1290  glcd.o(.text)
    LCD_ClearMovedWall                       0x00008f43   Thumb Code  1288  glcd.o(.text)
    LCD_DrawMenu                             0x0000944b   Thumb Code   206  glcd.o(.text)
    LCD_DrawTwoBoardBox                      0x00009519   Thumb Code    90  glcd.o(.text)
    LCD_DrawSingleBoardBox                   0x00009573   Thumb Code    90  glcd.o(.text)
    LCD_DrawMenuBoardType                    0x000095cd   Thumb Code    72  glcd.o(.text)
    LCD_DrawNPCBox                           0x00009615   Thumb Code    90  glcd.o(.text)
    LCD_DrawHumanBox                         0x0000966f   Thumb Code    90  glcd.o(.text)
    LCD_DrawMenuGameMode                     0x000096c9   Thumb Code   118  glcd.o(.text)
    LCD_DrawBoard                            0x0000973f   Thumb Code   730  glcd.o(.text)
    LCD_DrawFooter                           0x00009a19   Thumb Code   596  glcd.o(.text)
    LCD_updatePlayerWalls                    0x00009c6d   Thumb Code   136  glcd.o(.text)
    StartMatch                               0x00009cf5   Thumb Code    90  glcd.o(.text)
    LCD_WaitingRoom                          0x00009d4f   Thumb Code   100  glcd.o(.text)
    LCD_SetTimer                             0x00009db3   Thumb Code    56  glcd.o(.text)
    LCD_WallWarning                          0x00009deb   Thumb Code    24  glcd.o(.text)
    LCD_MultiplayerWarning                   0x00009e03   Thumb Code    26  glcd.o(.text)
    joystick_init                            0x00009e65   Thumb Code   122  lib_joystick.o(.text)
    RIT_IRQHandler                           0x00009f0b   Thumb Code  2040  irq_rit.o(.text)
    enable_RIT                               0x0000a755   Thumb Code    14  lib_rit.o(.text)
    disable_RIT                              0x0000a763   Thumb Code    14  lib_rit.o(.text)
    reset_RIT                                0x0000a771   Thumb Code     8  lib_rit.o(.text)
    init_RIT                                 0x0000a779   Thumb Code    98  lib_rit.o(.text)
    EINT0_IRQHandler                         0x0000a807   Thumb Code    96  irq_button.o(.text)
    EINT1_IRQHandler                         0x0000a867   Thumb Code   274  irq_button.o(.text)
    EINT2_IRQHandler                         0x0000a979   Thumb Code    64  irq_button.o(.text)
    BUTTON_init                              0x0000aa3b   Thumb Code   124  lib_button.o(.text)
    CAN_IRQHandler                           0x0000aacd   Thumb Code   192  irq_can.o(.text)
    CAN_setup                                0x0000ac0d   Thumb Code   140  lib_can.o(.text)
    CAN_start                                0x0000ac99   Thumb Code    18  lib_can.o(.text)
    CAN_waitReady                            0x0000acab   Thumb Code    26  lib_can.o(.text)
    CAN_wrMsg                                0x0000acc5   Thumb Code    84  lib_can.o(.text)
    CAN_rdMsg                                0x0000ad19   Thumb Code    52  lib_can.o(.text)
    CAN_wrFilter                             0x0000ad4d   Thumb Code   822  lib_can.o(.text)
    CAN_Init                                 0x0000b083   Thumb Code    60  lib_can.o(.text)
    createMoveUint                           0x0000b0d1   Thumb Code    50  can_quoridor_lib.o(.text)
    getMoveFromUint                          0x0000b103   Thumb Code    48  can_quoridor_lib.o(.text)
    SendPing                                 0x0000b133   Thumb Code    76  can_quoridor_lib.o(.text)
    SendHandshake                            0x0000b17f   Thumb Code    76  can_quoridor_lib.o(.text)
    SendMove                                 0x0000b1cb   Thumb Code    46  can_quoridor_lib.o(.text)
    __2sprintf                               0x0000b1fd   Thumb Code    34  noretval__2sprintf.o(.text)
    __printf                                 0x0000b225   Thumb Code   104  __printf.o(.text)
    _printf_int_dec                          0x0000b28d   Thumb Code   104  _printf_dec.o(.text)
    srand                                    0x0000b305   Thumb Code    42  rand.o(.text)
    _rand_init                               0x0000b32f   Thumb Code     4  rand.o(.text)
    __aeabi_memcpy                           0x0000b341   Thumb Code     0  rt_memcpy_v6.o(.text)
    __rt_memcpy                              0x0000b341   Thumb Code   138  rt_memcpy_v6.o(.text)
    _memcpy_lastbytes                        0x0000b3a7   Thumb Code     0  rt_memcpy_v6.o(.text)
    __aeabi_memcpy4                          0x0000b3cb   Thumb Code     0  rt_memcpy_w.o(.text)
    __aeabi_memcpy8                          0x0000b3cb   Thumb Code     0  rt_memcpy_w.o(.text)
    __rt_memcpy_w                            0x0000b3cb   Thumb Code   100  rt_memcpy_w.o(.text)
    _memcpy_lastbytes_aligned                0x0000b413   Thumb Code     0  rt_memcpy_w.o(.text)
    __aeabi_memclr4                          0x0000b42f   Thumb Code     0  rt_memclr_w.o(.text)
    __aeabi_memclr8                          0x0000b42f   Thumb Code     0  rt_memclr_w.o(.text)
    __rt_memclr_w                            0x0000b42f   Thumb Code    78  rt_memclr_w.o(.text)
    _memset_w                                0x0000b433   Thumb Code     0  rt_memclr_w.o(.text)
    _printf_int_common                       0x0000b47d   Thumb Code   178  _printf_intcommon.o(.text)
    _printf_char_common                      0x0000b53b   Thumb Code    32  _printf_char_common.o(.text)
    __user_setup_stackheap                   0x0000b561   Thumb Code    74  sys_stackheap_outer.o(.text)
    exit                                     0x0000b5ab   Thumb Code    18  exit.o(.text)
    __user_libspace                          0x0000b5bd   Thumb Code     8  libspace.o(.text)
    __user_perproc_libspace                  0x0000b5bd   Thumb Code     0  libspace.o(.text)
    __user_perthread_libspace                0x0000b5bd   Thumb Code     0  libspace.o(.text)
    _sys_exit                                0x0000b5c5   Thumb Code     8  sys_exit.o(.text)
    __aeabi_dadd                             0x0000b5d1   Thumb Code     0  daddsub_clz.o(x$fpl$dadd)
    _dadd                                    0x0000b5d1   Thumb Code   332  daddsub_clz.o(x$fpl$dadd)
    __aeabi_d2uiz                            0x0000b721   Thumb Code     0  dfixu.o(x$fpl$dfixu)
    _dfixu                                   0x0000b721   Thumb Code    90  dfixu.o(x$fpl$dfixu)
    __aeabi_i2d                              0x0000b77b   Thumb Code     0  dflt_clz.o(x$fpl$dflt)
    _dflt                                    0x0000b77b   Thumb Code    46  dflt_clz.o(x$fpl$dflt)
    __fpl_dnaninf                            0x0000b7a9   Thumb Code   156  dnaninf.o(x$fpl$dnaninf)
    __fpl_dretinf                            0x0000b845   Thumb Code    12  dretinf.o(x$fpl$dretinf)
    __aeabi_drsub                            0x0000b851   Thumb Code     0  daddsub_clz.o(x$fpl$drsb)
    _drsb                                    0x0000b851   Thumb Code    22  daddsub_clz.o(x$fpl$drsb)
    __aeabi_dsub                             0x0000b869   Thumb Code     0  daddsub_clz.o(x$fpl$dsub)
    _dsub                                    0x0000b869   Thumb Code   464  daddsub_clz.o(x$fpl$dsub)
    CAN_BIT_TIME                             0x0000c02c   Data          68  lib_can.o(.constdata)
    Region$$Table$$Base                      0x0000c070   Number         0  anon$$obj.o(Region$$Table)
    Region$$Table$$Limit                     0x0000c0a0   Number         0  anon$$obj.o(Region$$Table)
    mode                                     0x2007c000   Data           1  sample.o(.data)
    turn                                     0x2007c004   Data           4  sample.o(.data)
    timer                                    0x2007c008   Data           4  sample.o(.data)
    P1Walls                                  0x2007c00c   Data           4  sample.o(.data)
    P2Walls                                  0x2007c010   Data           4  sample.o(.data)
    cnt_tim2                                 0x2007c014   Data           4  sample.o(.data)
    wall_warning                             0x2007c018   Data           1  sample.o(.data)
    opponent_ready                           0x2007c019   Data           1  sample.o(.data)
    int0_pressed                             0x2007c01a   Data           1  sample.o(.data)
    selectedBoardType                        0x2007c01b   Data           1  sample.o(.data)
    selectedGameMode                         0x2007c01c   Data           1  sample.o(.data)
    CurrentPlayer                            0x2007c01d   Data           1  sample.o(.data)
    OpponentPlayer                           0x2007c01e   Data           1  sample.o(.data)
    playerMove                               0x2007c01f   Data           5  sample.o(.data)
    opponentMove                             0x2007c024   Data           5  sample.o(.data)
    playerMoveUint                           0x2007c02c   Data           4  sample.o(.data)
    opponentMoveUint                         0x2007c030   Data           4  sample.o(.data)
    valid_wall                               0x2007c034   Data           1  board.o(.data)
    SystemFrequency                          0x2007c038   Data           4  system_lpc17xx.o(.data)
    time_string                              0x2007c03d   Data           2  glcd.o(.data)
    prev_p1                                  0x2007c03f   Data           1  glcd.o(.data)
    prev_p2                                  0x2007c040   Data           1  glcd.o(.data)
    down_int0                                0x2007c044   Data           4  irq_rit.o(.data)
    down_key1                                0x2007c048   Data           4  irq_rit.o(.data)
    down_key2                                0x2007c04c   Data           4  irq_rit.o(.data)
    or_wall                                  0x2007c050   Data           1  irq_rit.o(.data)
    new_x_pos                                0x2007c051   Data           1  irq_rit.o(.data)
    new_y_pos                                0x2007c052   Data           1  irq_rit.o(.data)
    icr                                      0x2007c07c   Data           1  lib_can.o(.data)
    result                                   0x2007c080   Data           4  lib_can.o(.data)
    mainBoard                                0x2007c090   Data        7200  sample.o(.bss)
    visited                                  0x2007dcb0   Data          49  board.o(.bss)
    score                                    0x2007dce4   Data         196  board.o(.bss)
    CAN_TxMsg                                0x2007dda8   Data          16  lib_can.o(.bss)
    CAN_RxMsg                                0x2007ddb8   Data          16  lib_can.o(.bss)
    _random_number_data                      0x2007ddc8   Data         228  rand.o(.bss)
    __libspace_start                         0x2007deac   Data          96  libspace.o(.bss)
    __temporary_stack_top$libspace           0x2007df0c   Data           0  libspace.o(.bss)



==============================================================================

Memory Map of the image

  Image Entry point : 0x000000cd

  Load Region LR_IROM1 (Base: 0x00000000, Size: 0x0000c12c, Max: 0x00080000, ABSOLUTE)

    Execution Region ER_IROM1 (Exec base: 0x00000000, Load base: 0x00000000, Size: 0x0000c0a0, Max: 0x00080000, ABSOLUTE)

    Exec Addr    Load Addr    Size         Type   Attr      Idx    E Section Name        Object

    0x00000000   0x00000000   0x000000cc   Data   RO            3    RESET               startup_lpc17xx.o
    0x000000cc   0x000000cc   0x00000008   Code   RO          708  * !!!main             c_w.l(__main.o)
    0x000000d4   0x000000d4   0x00000034   Code   RO          897    !!!scatter          c_w.l(__scatter.o)
    0x00000108   0x00000108   0x0000001a   Code   RO          899    !!handler_copy      c_w.l(__scatter_copy.o)
    0x00000122   0x00000122   0x00000002   PAD
    0x00000124   0x00000124   0x0000001c   Code   RO          901    !!handler_zi        c_w.l(__scatter_zi.o)
    0x00000140   0x00000140   0x00000000   Code   RO          694    .ARM.Collect$$_printf_percent$$00000000  c_w.l(_printf_percent.o)
    0x00000140   0x00000140   0x00000006   Code   RO          693    .ARM.Collect$$_printf_percent$$00000009  c_w.l(_printf_d.o)
    0x00000146   0x00000146   0x00000004   Code   RO          733    .ARM.Collect$$_printf_percent$$00000017  c_w.l(_printf_percent_end.o)
    0x0000014a   0x0000014a   0x00000002   Code   RO          818    .ARM.Collect$$libinit$$00000000  c_w.l(libinit.o)
    0x0000014c   0x0000014c   0x00000000   Code   RO          735    .ARM.Collect$$libinit$$00000002  c_w.l(libinit2.o)
    0x0000014c   0x0000014c   0x00000000   Code   RO          737    .ARM.Collect$$libinit$$00000004  c_w.l(libinit2.o)
    0x0000014c   0x0000014c   0x00000000   Code   RO          740    .ARM.Collect$$libinit$$0000000A  c_w.l(libinit2.o)
    0x0000014c   0x0000014c   0x00000000   Code   RO          742    .ARM.Collect$$libinit$$0000000C  c_w.l(libinit2.o)
    0x0000014c   0x0000014c   0x00000004   Code   RO          743    .ARM.Collect$$libinit$$0000000D  c_w.l(libinit2.o)
    0x00000150   0x00000150   0x00000000   Code   RO          744    .ARM.Collect$$libinit$$0000000E  c_w.l(libinit2.o)
    0x00000150   0x00000150   0x00000000   Code   RO          747    .ARM.Collect$$libinit$$00000011  c_w.l(libinit2.o)
    0x00000150   0x00000150   0x00000000   Code   RO          749    .ARM.Collect$$libinit$$00000013  c_w.l(libinit2.o)
    0x00000150   0x00000150   0x00000000   Code   RO          751    .ARM.Collect$$libinit$$00000015  c_w.l(libinit2.o)
    0x00000150   0x00000150   0x00000000   Code   RO          753    .ARM.Collect$$libinit$$00000017  c_w.l(libinit2.o)
    0x00000150   0x00000150   0x00000000   Code   RO          755    .ARM.Collect$$libinit$$00000019  c_w.l(libinit2.o)
    0x00000150   0x00000150   0x00000000   Code   RO          757    .ARM.Collect$$libinit$$0000001B  c_w.l(libinit2.o)
    0x00000150   0x00000150   0x00000000   Code   RO          759    .ARM.Collect$$libinit$$0000001D  c_w.l(libinit2.o)
    0x00000150   0x00000150   0x00000000   Code   RO          761    .ARM.Collect$$libinit$$0000001F  c_w.l(libinit2.o)
    0x00000150   0x00000150   0x00000000   Code   RO          763    .ARM.Collect$$libinit$$00000021  c_w.l(libinit2.o)
    0x00000150   0x00000150   0x00000000   Code   RO          765    .ARM.Collect$$libinit$$00000023  c_w.l(libinit2.o)
    0x00000150   0x00000150   0x00000000   Code   RO          767    .ARM.Collect$$libinit$$00000025  c_w.l(libinit2.o)
    0x00000150   0x00000150   0x00000000   Code   RO          771    .ARM.Collect$$libinit$$0000002C  c_w.l(libinit2.o)
    0x00000150   0x00000150   0x00000000   Code   RO          773    .ARM.Collect$$libinit$$0000002E  c_w.l(libinit2.o)
    0x00000150   0x00000150   0x00000000   Code   RO          775    .ARM.Collect$$libinit$$00000030  c_w.l(libinit2.o)
    0x00000150   0x00000150   0x00000000   Code   RO          777    .ARM.Collect$$libinit$$00000032  c_w.l(libinit2.o)
    0x00000150   0x00000150   0x00000002   Code   RO          778    .ARM.Collect$$libinit$$00000033  c_w.l(libinit2.o)
    0x00000152   0x00000152   0x00000002   Code   RO          856    .ARM.Collect$$libshutdown$$00000000  c_w.l(libshutdown.o)
    0x00000154   0x00000154   0x00000000   Code   RO          862    .ARM.Collect$$libshutdown$$00000002  c_w.l(libshutdown2.o)
    0x00000154   0x00000154   0x00000000   Code   RO          864    .ARM.Collect$$libshutdown$$00000004  c_w.l(libshutdown2.o)
    0x00000154   0x00000154   0x00000000   Code   RO          866    .ARM.Collect$$libshutdown$$00000006  c_w.l(libshutdown2.o)
    0x00000154   0x00000154   0x00000000   Code   RO          869    .ARM.Collect$$libshutdown$$00000009  c_w.l(libshutdown2.o)
    0x00000154   0x00000154   0x00000000   Code   RO          872    .ARM.Collect$$libshutdown$$0000000C  c_w.l(libshutdown2.o)
    0x00000154   0x00000154   0x00000000   Code   RO          874    .ARM.Collect$$libshutdown$$0000000E  c_w.l(libshutdown2.o)
    0x00000154   0x00000154   0x00000000   Code   RO          877    .ARM.Collect$$libshutdown$$00000011  c_w.l(libshutdown2.o)
    0x00000154   0x00000154   0x00000002   Code   RO          878    .ARM.Collect$$libshutdown$$00000012  c_w.l(libshutdown2.o)
    0x00000156   0x00000156   0x00000000   Code   RO          726    .ARM.Collect$$rtentry$$00000000  c_w.l(__rtentry.o)
    0x00000156   0x00000156   0x00000000   Code   RO          785    .ARM.Collect$$rtentry$$00000002  c_w.l(__rtentry2.o)
    0x00000156   0x00000156   0x00000006   Code   RO          797    .ARM.Collect$$rtentry$$00000004  c_w.l(__rtentry4.o)
    0x0000015c   0x0000015c   0x00000000   Code   RO          787    .ARM.Collect$$rtentry$$00000009  c_w.l(__rtentry2.o)
    0x0000015c   0x0000015c   0x00000004   Code   RO          788    .ARM.Collect$$rtentry$$0000000A  c_w.l(__rtentry2.o)
    0x00000160   0x00000160   0x00000000   Code   RO          790    .ARM.Collect$$rtentry$$0000000C  c_w.l(__rtentry2.o)
    0x00000160   0x00000160   0x00000008   Code   RO          791    .ARM.Collect$$rtentry$$0000000D  c_w.l(__rtentry2.o)
    0x00000168   0x00000168   0x00000002   Code   RO          824    .ARM.Collect$$rtexit$$00000000  c_w.l(rtexit.o)
    0x0000016a   0x0000016a   0x00000000   Code   RO          836    .ARM.Collect$$rtexit$$00000002  c_w.l(rtexit2.o)
    0x0000016a   0x0000016a   0x00000004   Code   RO          837    .ARM.Collect$$rtexit$$00000003  c_w.l(rtexit2.o)
    0x0000016e   0x0000016e   0x00000006   Code   RO          838    .ARM.Collect$$rtexit$$00000004  c_w.l(rtexit2.o)
    0x00000174   0x00000174   0x00000034   Code   RO          695    .emb_text           c_w.l(rand.o)
    0x000001a8   0x000001a8   0x00000034   Code   RO            5    .text               startup_lpc17xx.o
    0x000001dc   0x000001dc   0x000000ec   Code   RO          217    .text               lib_timer.o
    0x000002c8   0x000002c8   0x00000020   Code   RO          242    .text               asciilib.o
    0x000002e8   0x000002e8   0x00000006   Code   RO          706    .text               c_w.l(heapauxi.o)
    0x000002ee   0x000002ee   0x0000000a   Code   RO          731    .text               c_w.l(_sputc.o)
    0x000002f8   0x000002f8   0x00000002   Code   RO          832    .text               c_w.l(use_no_semi.o)
    0x000002fa   0x000002fa   0x00000000   Code   RO          834    .text               c_w.l(indicate_semi.o)
    0x000002fa   0x000002fa   0x00000000   Code   RO          783    x$fpl$usenofp       fz_ws.l(usenofp.o)
    0x000002fa   0x000002fa   0x00000002   PAD
    0x000002fc   0x000002fc   0x00000004   Code   RO            4    .ARM.__at_0x02FC    startup_lpc17xx.o
    0x00000300   0x00000300   0x00000bf0   Code   RO           16    .text               sample.o
    0x00000ef0   0x00000ef0   0x00002498   Code   RO          104    .text               board.o
    0x00003388   0x00003388   0x0000022c   Code   RO          141    .text               system_lpc17xx.o
    0x000035b4   0x000035b4   0x00000168   Code   RO          172    .text               irq_timer.o
    0x0000371c   0x0000371c   0x00006748   Code   RO          262    .text               glcd.o
    0x00009e64   0x00009e64   0x00000084   Code   RO          348    .text               lib_joystick.o
    0x00009ee8   0x00009ee8   0x0000086c   Code   RO          372    .text               irq_rit.o
    0x0000a754   0x0000a754   0x00000094   Code   RO          420    .text               lib_rit.o
    0x0000a7e8   0x0000a7e8   0x00000210   Code   RO          447    .text               irq_button.o
    0x0000a9f8   0x0000a9f8   0x000000d4   Code   RO          492    .text               lib_button.o
    0x0000aacc   0x0000aacc   0x000000d8   Code   RO          520    .text               irq_can.o
    0x0000aba4   0x0000aba4   0x0000052c   Code   RO          555    .text               lib_can.o
    0x0000b0d0   0x0000b0d0   0x0000012c   Code   RO          587    .text               can_quoridor_lib.o
    0x0000b1fc   0x0000b1fc   0x00000028   Code   RO          667    .text               c_w.l(noretval__2sprintf.o)
    0x0000b224   0x0000b224   0x00000068   Code   RO          669    .text               c_w.l(__printf.o)
    0x0000b28c   0x0000b28c   0x00000078   Code   RO          671    .text               c_w.l(_printf_dec.o)
    0x0000b304   0x0000b304   0x0000003c   Code   RO          696    .text               c_w.l(rand.o)
    0x0000b340   0x0000b340   0x0000008a   Code   RO          700    .text               c_w.l(rt_memcpy_v6.o)
    0x0000b3ca   0x0000b3ca   0x00000064   Code   RO          702    .text               c_w.l(rt_memcpy_w.o)
    0x0000b42e   0x0000b42e   0x0000004e   Code   RO          704    .text               c_w.l(rt_memclr_w.o)
    0x0000b47c   0x0000b47c   0x000000b2   Code   RO          727    .text               c_w.l(_printf_intcommon.o)
    0x0000b52e   0x0000b52e   0x00000002   PAD
    0x0000b530   0x0000b530   0x00000030   Code   RO          729    .text               c_w.l(_printf_char_common.o)
    0x0000b560   0x0000b560   0x0000004a   Code   RO          805    .text               c_w.l(sys_stackheap_outer.o)
    0x0000b5aa   0x0000b5aa   0x00000012   Code   RO          807    .text               c_w.l(exit.o)
    0x0000b5bc   0x0000b5bc   0x00000008   Code   RO          821    .text               c_w.l(libspace.o)
    0x0000b5c4   0x0000b5c4   0x0000000c   Code   RO          848    .text               c_w.l(sys_exit.o)
    0x0000b5d0   0x0000b5d0   0x00000150   Code   RO          710    x$fpl$dadd          fz_ws.l(daddsub_clz.o)
    0x0000b720   0x0000b720   0x0000005a   Code   RO          716    x$fpl$dfixu         fz_ws.l(dfixu.o)
    0x0000b77a   0x0000b77a   0x0000002e   Code   RO          721    x$fpl$dflt          fz_ws.l(dflt_clz.o)
    0x0000b7a8   0x0000b7a8   0x0000009c   Code   RO          779    x$fpl$dnaninf       fz_ws.l(dnaninf.o)
    0x0000b844   0x0000b844   0x0000000c   Code   RO          781    x$fpl$dretinf       fz_ws.l(dretinf.o)
    0x0000b850   0x0000b850   0x00000016   Code   RO          711    x$fpl$drsb          fz_ws.l(daddsub_clz.o)
    0x0000b866   0x0000b866   0x00000002   PAD
    0x0000b868   0x0000b868   0x000001d4   Code   RO          712    x$fpl$dsub          fz_ws.l(daddsub_clz.o)
    0x0000ba3c   0x0000ba3c   0x000005f0   Data   RO          243    .constdata          asciilib.o
    0x0000c02c   0x0000c02c   0x00000044   Data   RO          557    .constdata          lib_can.o
    0x0000c070   0x0000c070   0x00000030   Data   RO          895    Region$$Table       anon$$obj.o


    Execution Region RW_IRAM1 (Exec base: 0x10000000, Load base: 0x0000c0a0, Size: 0x00008000, Max: 0x00008000, ABSOLUTE)

    Exec Addr    Load Addr    Size         Type   Attr      Idx    E Section Name        Object

    0x10000000        -       0x00008000   Zero   RW            1    STACK               startup_lpc17xx.o


    Execution Region RW_IRAM2 (Exec base: 0x2007c000, Load base: 0x0000c0a0, Size: 0x00001f10, Max: 0x00008000, ABSOLUTE)

    Exec Addr    Load Addr    Size         Type   Attr      Idx    E Section Name        Object

    0x2007c000   0x0000c0a0   0x00000034   Data   RW           18    .data               sample.o
    0x2007c034   0x0000c0d4   0x00000001   Data   RW          106    .data               board.o
    0x2007c035   0x0000c0d5   0x00000003   PAD
    0x2007c038   0x0000c0d8   0x00000004   Data   RW          142    .data               system_lpc17xx.o
    0x2007c03c   0x0000c0dc   0x00000005   Data   RW          263    .data               glcd.o
    0x2007c041   0x0000c0e1   0x00000003   PAD
    0x2007c044   0x0000c0e4   0x00000038   Data   RW          373    .data               irq_rit.o
    0x2007c07c   0x0000c11c   0x00000010   Data   RW          558    .data               lib_can.o
    0x2007c08c   0x0000c12c   0x00000004   PAD
    0x2007c090        -       0x00001c20   Zero   RW           17    .bss                sample.o
    0x2007dcb0        -       0x000000f8   Zero   RW          105    .bss                board.o
    0x2007dda8        -       0x00000020   Zero   RW          556    .bss                lib_can.o
    0x2007ddc8        -       0x000000e4   Zero   RW          697    .bss                c_w.l(rand.o)
    0x2007deac        -       0x00000060   Zero   RW          822    .bss                c_w.l(libspace.o)
    0x2007df0c   0x0000c12c   0x00000004   PAD
    0x2007df10        -       0x00000000   Zero   RW            2    HEAP                startup_lpc17xx.o


==============================================================================

Image component sizes


      Code (inc. data)   RO Data    RW Data    ZI Data      Debug   Object Name

        32          6       1520          0          0       1231   asciilib.o
      9368         82          0          1        248      17524   board.o
       300          4          0          0          0       1793   can_quoridor_lib.o
     26440        462          0          5          0      53030   glcd.o
       528         64          0          0          0      27764   irq_button.o
       216         24          0          0          0       1350   irq_can.o
      2156        170          0         56          0      32477   irq_rit.o
       360         50          0          0          0      44403   irq_timer.o
       212         22          0          0          0        990   lib_button.o
      1324         66         68         16         32       4704   lib_can.o
       132         10          0          0          0        532   lib_joystick.o
       148         14          0          0          0       1064   lib_rit.o
       236         10          0          0          0       1540   lib_timer.o
      3056        328          0         52       7200      28062   sample.o
        56         22        204          0      32768       1144   startup_lpc17xx.o
       556         30          0          4          0        955   system_lpc17xx.o

    ----------------------------------------------------------------------
     45120       1364       1840        140      40252     218563   Object Totals
         0          0         48          0          0          0   (incl. Generated)
         0          0          0          6          4          0   (incl. Padding)

    ----------------------------------------------------------------------

      Code (inc. data)   RO Data    RW Data    ZI Data      Debug   Library Member Name

         8          0          0          0          0         68   __main.o
       104          0          0          0          0         84   __printf.o
         0          0          0          0          0          0   __rtentry.o
        12          0          0          0          0          0   __rtentry2.o
         6          0          0          0          0          0   __rtentry4.o
        52          8          0          0          0          0   __scatter.o
        26          0          0          0          0          0   __scatter_copy.o
        28          0          0          0          0          0   __scatter_zi.o
        48          6          0          0          0         96   _printf_char_common.o
         6          0          0          0          0          0   _printf_d.o
       120         16          0          0          0         92   _printf_dec.o
       178          0          0          0          0         88   _printf_intcommon.o
         0          0          0          0          0          0   _printf_percent.o
         4          0          0          0          0          0   _printf_percent_end.o
        10          0          0          0          0         68   _sputc.o
        18          0          0          0          0         80   exit.o
         6          0          0          0          0        152   heapauxi.o
         0          0          0          0          0          0   indicate_semi.o
         2          0          0          0          0          0   libinit.o
         6          0          0          0          0          0   libinit2.o
         2          0          0          0          0          0   libshutdown.o
         2          0          0          0          0          0   libshutdown2.o
         8          4          0          0         96         68   libspace.o
        40          6          0          0          0         84   noretval__2sprintf.o
       112         18          0          0        228        160   rand.o
        78          0          0          0          0         80   rt_memclr_w.o
       138          0          0          0          0         68   rt_memcpy_v6.o
       100          0          0          0          0         80   rt_memcpy_w.o
         2          0          0          0          0          0   rtexit.o
        10          0          0          0          0          0   rtexit2.o
        12          4          0          0          0         68   sys_exit.o
        74          0          0          0          0         80   sys_stackheap_outer.o
         2          0          0          0          0         68   use_no_semi.o
       826         16          0          0          0        348   daddsub_clz.o
        90          4          0          0          0         92   dfixu.o
        46          0          0          0          0         68   dflt_clz.o
       156          4          0          0          0         92   dnaninf.o
        12          0          0          0          0         68   dretinf.o
         0          0          0          0          0          0   usenofp.o

    ----------------------------------------------------------------------
      2352         86          0          0        328       2152   Library Totals
         8          0          0          0          4          0   (incl. Padding)

    ----------------------------------------------------------------------

      Code (inc. data)   RO Data    RW Data    ZI Data      Debug   Library Name

      1214         62          0          0        324       1484   c_w.l
      1130         24          0          0          0        668   fz_ws.l

    ----------------------------------------------------------------------
      2352         86          0          0        328       2152   Library Totals

    ----------------------------------------------------------------------

==============================================================================


      Code (inc. data)   RO Data    RW Data    ZI Data      Debug   

     47472       1450       1840        140      40580     218735   Grand Totals
     47472       1450       1840        140      40580     218735   ELF Image Totals
     47472       1450       1840        140          0          0   ROM Totals

==============================================================================

    Total RO  Size (Code + RO Data)                49312 (  48.16kB)
    Total RW  Size (RW Data + ZI Data)             40720 (  39.77kB)
    Total ROM Size (Code + RO Data + RW Data)      49452 (  48.29kB)

==============================================================================

